Component: ARM Compiler 5.06 update 4 (build 422) Tool: armlink [4d35d2]

==============================================================================

Section Cross References

    startup_stm32f4xx.o(STACK) refers (Special) to heapauxi.o(.text) for __use_two_region_memory
    startup_stm32f4xx.o(HEAP) refers (Special) to heapauxi.o(.text) for __use_two_region_memory
    startup_stm32f4xx.o(RESET) refers (Special) to heapauxi.o(.text) for __use_two_region_memory
    startup_stm32f4xx.o(RESET) refers to startup_stm32f4xx.o(STACK) for __initial_sp
    startup_stm32f4xx.o(RESET) refers to startup_stm32f4xx.o(.text) for Reset_Handler
    startup_stm32f4xx.o(RESET) refers to adc.o(.text) for ADC_IRQHandler
    startup_stm32f4xx.o(RESET) refers to timer_2.o(.text) for TIM2_IRQHandler
    startup_stm32f4xx.o(RESET) refers to can_2.o(.text) for CAN2_TX_IRQHandler
    startup_stm32f4xx.o(RESET) refers to unit_freemaster_uart.o(.text) for USART6_IRQHandler
    startup_stm32f4xx.o(.text) refers (Special) to heapauxi.o(.text) for __use_two_region_memory
    startup_stm32f4xx.o(.text) refers to system_stm32f4xx.o(.text) for SystemInit
    startup_stm32f4xx.o(.text) refers to __main.o(!!!main) for __main
    startup_stm32f4xx.o(.text) refers to startup_stm32f4xx.o(HEAP) for Heap_Mem
    startup_stm32f4xx.o(.text) refers to startup_stm32f4xx.o(STACK) for Stack_Mem
    main.o(.text) refers to system_stm32f4xx.o(.text) for SystemInit
    main.o(.text) refers to stm32f4xx_rcc.o(.text) for RCC_GetClocksFreq
    main.o(.text) refers to timer_2.o(.text) for Timer_2_init
    main.o(.text) refers to pe_freemaster_serial.o(.text) for FMSTR_InitSerial
    main.o(.text) refers to main.o(.bss) for .bss
    timer_2.o(.text) refers to stm32f4xx_rcc.o(.text) for RCC_APB1PeriphClockCmd
    timer_2.o(.text) refers to stm32f4xx_tim.o(.text) for TIM_TimeBaseInit
    timer_2.o(.text) refers to timer_2.o(.bss) for .bss
    timer_2.o(.text) refers to main.o(.data) for counter
    can_2.o(.text) refers to stm32f4xx_rcc.o(.text) for RCC_AHB1PeriphClockCmd
    can_2.o(.text) refers to stm32f4xx_gpio.o(.text) for GPIO_Init
    can_2.o(.text) refers to stm32f4xx_can.o(.text) for CAN_DeInit
    can_2.o(.text) refers to can_2.o(.data) for .data
    can_2.o(.text) refers to can_2.o(.bss) for .bss
    adc.o(.text) refers to stm32f4xx_adc.o(.text) for ADC_CommonStructInit
    adc.o(.text) refers to stm32f4xx_rcc.o(.text) for RCC_APB2PeriphClockCmd
    adc.o(.text) refers to stm32f4xx_gpio.o(.text) for GPIO_Init
    adc.o(.text) refers to f2d.o(x$fpl$f2d) for __aeabi_f2d
    adc.o(.text) refers to ddiv.o(x$fpl$ddiv) for __aeabi_ddiv
    adc.o(.text) refers to d2f.o(x$fpl$d2f) for __aeabi_d2f
    adc.o(.text) refers to adc.o(.bss) for .bss
    adc.o(.text) refers to can_2.o(.data) for GPIO_InitStructure
    adc.o(.text) refers to adc.o(.data) for .data
    boot.o(.text) refers to misc.o(.text) for NVIC_SetVectorTable
    boot.o(.text) refers to stm32f4xx_rcc.o(.text) for RCC_APB1PeriphClockCmd
    boot.o(.text) refers to stm32f4xx_can.o(.text) for CAN_ITConfig
    boot.o(.text) refers to boot.o(.data) for .data
    boot.o(.text) refers to can_2.o(.data) for boot_flag
    unit_freemaster_uart.o(.text) refers to stm32f4xx_usart.o(.text) for USART_ITConfig
    unit_freemaster_uart.o(.text) refers to stm32f4xx_rcc.o(.text) for RCC_AHB1PeriphClockCmd
    unit_freemaster_uart.o(.text) refers to stm32f4xx_gpio.o(.text) for GPIO_PinAFConfig
    unit_freemaster_uart.o(.text) refers to misc.o(.text) for NVIC_Init
    unit_freemaster_uart.o(.text) refers to pe_freemaster_serial.o(.text) for FMSTR_Poll
    unit_freemaster_uart.o(.text) refers to can_2.o(.data) for GPIO_InitStructure
    unit_freemaster_uart.o(.text) refers to main.o(.bss) for USART_InitStructure
    unit_freemaster_uart.o(.text) refers to main.o(.data) for NVIC_InitStructure
    system_stm32f4xx.o(.text) refers to system_stm32f4xx.o(.data) for .data
    stm32f4xx_gpio.o(.text) refers to stm32f4xx_rcc.o(.text) for RCC_AHB1PeriphResetCmd
    stm32f4xx_syscfg.o(.text) refers to stm32f4xx_rcc.o(.text) for RCC_APB2PeriphResetCmd
    stm32f4xx_usart.o(.text) refers to stm32f4xx_rcc.o(.text) for RCC_APB1PeriphResetCmd
    stm32f4xx_tim.o(.text) refers to stm32f4xx_rcc.o(.text) for RCC_APB1PeriphResetCmd
    stm32f4xx_rcc.o(.text) refers to stm32f4xx_rcc.o(.data) for .data
    stm32f4xx_can.o(.text) refers to stm32f4xx_rcc.o(.text) for RCC_APB1PeriphResetCmd
    stm32f4xx_adc.o(.text) refers to stm32f4xx_rcc.o(.text) for RCC_APB2PeriphResetCmd
    pe_freemaster_56f8xxx.o(.text) refers to pe_freemaster_56f8xxx.o(.data) for .data
    pe_freemaster_protocol.o(.text) refers to pe_freemaster_scope.o(.text) for FMSTR_InitScope
    pe_freemaster_protocol.o(.text) refers to pe_freemaster_rec.o(.text) for FMSTR_InitRec
    pe_freemaster_protocol.o(.text) refers to pe_freemaster_serial.o(.text) for FMSTR_InitSerial
    pe_freemaster_protocol.o(.text) refers to pe_freemaster_56f8xxx.o(.text) for FMSTR_CopyToBuffer
[...]
    ../clib/stdlib.c                         0x00000000   Number         0  exit.o ABSOLUTE
    ../fplib/d2f.s                           0x00000000   Number         0  d2f.o ABSOLUTE
    ../fplib/ddiv.s                          0x00000000   Number         0  ddiv.o ABSOLUTE
    ../fplib/dnaninf.s                       0x00000000   Number         0  dnaninf.o ABSOLUTE
    ../fplib/dretinf.s                       0x00000000   Number         0  dretinf.o ABSOLUTE
    ../fplib/f2d.s                           0x00000000   Number         0  f2d.o ABSOLUTE
    ../fplib/fnaninf.s                       0x00000000   Number         0  fnaninf.o ABSOLUTE
    ../fplib/fpinit.s                        0x00000000   Number         0  fpinit.o ABSOLUTE
    ../fplib/fretinf.s                       0x00000000   Number         0  fretinf.o ABSOLUTE
    ../fplib/usenofp.s                       0x00000000   Number         0  usenofp.o ABSOLUTE
    CMSIS\\system_stm32f4xx.c                0x00000000   Number         0  system_stm32f4xx.o ABSOLUTE
    CMSIS\system_stm32f4xx.c                 0x00000000   Number         0  system_stm32f4xx.o ABSOLUTE
    Freemaster\PE_freemaster_56F8xxx.c       0x00000000   Number         0  pe_freemaster_56f8xxx.o ABSOLUTE
    Freemaster\PE_freemaster_appcmd.c        0x00000000   Number         0  pe_freemaster_appcmd.o ABSOLUTE
    Freemaster\PE_freemaster_fastrec.c       0x00000000   Number         0  pe_freemaster_fastrec.o ABSOLUTE
    Freemaster\PE_freemaster_protocol.c      0x00000000   Number         0  pe_freemaster_protocol.o ABSOLUTE
    Freemaster\PE_freemaster_rec.c           0x00000000   Number         0  pe_freemaster_rec.o ABSOLUTE
    Freemaster\PE_freemaster_scope.c         0x00000000   Number         0  pe_freemaster_scope.o ABSOLUTE
    Freemaster\PE_freemaster_serial.c        0x00000000   Number         0  pe_freemaster_serial.o ABSOLUTE
    Freemaster\PE_freemaster_sfio.c          0x00000000   Number         0  pe_freemaster_sfio.o ABSOLUTE
    Freemaster\PE_freemaster_tsa.c           0x00000000   Number         0  pe_freemaster_tsa.o ABSOLUTE
    STM32F4xx_StdPeriph_Driver\\src\\misc.c  0x00000000   Number         0  misc.o ABSOLUTE
    STM32F4xx_StdPeriph_Driver\\src\\stm32f4xx_adc.c 0x00000000   Number         0  stm32f4xx_adc.o ABSOLUTE
    STM32F4xx_StdPeriph_Driver\\src\\stm32f4xx_can.c 0x00000000   Number         0  stm32f4xx_can.o ABSOLUTE
    STM32F4xx_StdPeriph_Driver\\src\\stm32f4xx_gpio.c 0x00000000   Number         0  stm32f4xx_gpio.o ABSOLUTE
    STM32F4xx_StdPeriph_Driver\\src\\stm32f4xx_rcc.c 0x00000000   Number         0  stm32f4xx_rcc.o ABSOLUTE
    STM32F4xx_StdPeriph_Driver\\src\\stm32f4xx_rtc.c 0x00000000   Number         0  stm32f4xx_rtc.o ABSOLUTE
    STM32F4xx_StdPeriph_Driver\\src\\stm32f4xx_syscfg.c 0x00000000   Number         0  stm32f4xx_syscfg.o ABSOLUTE
    STM32F4xx_StdPeriph_Driver\\src\\stm32f4xx_tim.c 0x00000000   Number         0  stm32f4xx_tim.o ABSOLUTE
    STM32F4xx_StdPeriph_Driver\\src\\stm32f4xx_usart.c 0x00000000   Number         0  stm32f4xx_usart.o ABSOLUTE
    STM32F4xx_StdPeriph_Driver\src\misc.c    0x00000000   Number         0  misc.o ABSOLUTE
    STM32F4xx_StdPeriph_Driver\src\stm32f4xx_adc.c 0x00000000   Number         0  stm32f4xx_adc.o ABSOLUTE
    STM32F4xx_StdPeriph_Driver\src\stm32f4xx_can.c 0x00000000   Number         0  stm32f4xx_can.o ABSOLUTE
    STM32F4xx_StdPeriph_Driver\src\stm32f4xx_gpio.c 0x00000000   Number         0  stm32f4xx_gpio.o ABSOLUTE
    STM32F4xx_StdPeriph_Driver\src\stm32f4xx_rcc.c 0x00000000   Number         0  stm32f4xx_rcc.o ABSOLUTE
    STM32F4xx_StdPeriph_Driver\src\stm32f4xx_rtc.c 0x00000000   Number         0  stm32f4xx_rtc.o ABSOLUTE
    STM32F4xx_StdPeriph_Driver\src\stm32f4xx_syscfg.c 0x00000000   Number         0  stm32f4xx_syscfg.o ABSOLUTE
    STM32F4xx_StdPeriph_Driver\src\stm32f4xx_tim.c 0x00000000   Number         0  stm32f4xx_tim.o ABSOLUTE
    STM32F4xx_StdPeriph_Driver\src\stm32f4xx_usart.c 0x00000000   Number         0  stm32f4xx_usart.o ABSOLUTE
    dc.s                                     0x00000000   Number         0  dc.o ABSOLUTE
    startup_stm32f4xx.s                      0x00000000   Number         0  startup_stm32f4xx.o ABSOLUTE
    user\UNIT_FREEMASTER_UART.c              0x00000000   Number         0  unit_freemaster_uart.o ABSOLUTE
    user\\UNIT_FREEMASTER_UART.c             0x00000000   Number         0  unit_freemaster_uart.o ABSOLUTE
    user\\adc.c                              0x00000000   Number         0  adc.o ABSOLUTE
    user\\boot.c                             0x00000000   Number         0  boot.o ABSOLUTE
    user\\can_2.c                            0x00000000   Number         0  can_2.o ABSOLUTE
    user\\main.c                             0x00000000   Number         0  main.o ABSOLUTE
    user\\timer_2.c                          0x00000000   Number         0  timer_2.o ABSOLUTE
    user\adc.c                               0x00000000   Number         0  adc.o ABSOLUTE
    user\boot.c                              0x00000000   Number         0  boot.o ABSOLUTE
    user\can_1.c                             0x00000000   Number         0  can_1.o ABSOLUTE
    user\can_2.c                             0x00000000   Number         0  can_2.o ABSOLUTE
    user\main.c                              0x00000000   Number         0  main.o ABSOLUTE
    user\timer_2.c                           0x00000000   Number         0  timer_2.o ABSOLUTE
    RESET                                    0x08000000   Section      392  startup_stm32f4xx.o(RESET)
    !!!main                                  0x08000188   Section        8  __main.o(!!!main)
    !!!scatter                               0x08000190   Section       52  __scatter.o(!!!scatter)
    !!handler_copy                           0x080001c4   Section       26  __scatter_copy.o(!!handler_copy)
    !!handler_zi                             0x080001e0   Section       28  __scatter_zi.o(!!handler_zi)
    .ARM.Collect$$libinit$$00000000          0x080001fc   Section        2  libinit.o(.ARM.Collect$$libinit$$00000000)
    .ARM.Collect$$libinit$$00000001          0x080001fe   Section        4  libinit2.o(.ARM.Collect$$libinit$$00000001)
    .ARM.Collect$$libinit$$00000004          0x08000202   Section        0  libinit2.o(.ARM.Collect$$libinit$$00000004)
    .ARM.Collect$$libinit$$0000000A          0x08000202   Section        0  libinit2.o(.ARM.Collect$$libinit$$0000000A)
    .ARM.Collect$$libinit$$0000000C          0x08000202   Section        0  libinit2.o(.ARM.Collect$$libinit$$0000000C)
    .ARM.Collect$$libinit$$0000000E          0x08000202   Section        0  libinit2.o(.ARM.Collect$$libinit$$0000000E)
    .ARM.Collect$$libinit$$00000011          0x08000202   Section        0  libinit2.o(.ARM.Collect$$libinit$$00000011)
    .ARM.Collect$$libinit$$00000013          0x08000202   Section        0  libinit2.o(.ARM.Collect$$libinit$$00000013)
    .ARM.Collect$$libinit$$00000015          0x08000202   Section        0  libinit2.o(.ARM.Collect$$libinit$$00000015)
    .ARM.Collect$$libinit$$00000017          0x08000202   Section        0  libinit2.o(.ARM.Collect$$libinit$$00000017)
    .ARM.Collect$$libinit$$00000019          0x08000202   Section        0  libinit2.o(.ARM.Collect$$libinit$$00000019)
    .ARM.Collect$$libinit$$0000001B          0x08000202   Section        0  libinit2.o(.ARM.Collect$$libinit$$0000001B)
    .ARM.Collect$$libinit$$0000001D          0x08000202   Section        0  libinit2.o(.ARM.Collect$$libinit$$0000001D)
    .ARM.Collect$$libinit$$0000001F          0x08000202   Section        0  libinit2.o(.ARM.Collect$$libinit$$0000001F)
    .ARM.Collect$$libinit$$00000021          0x08000202   Section        0  libinit2.o(.ARM.Collect$$libinit$$00000021)
    .ARM.Collect$$libinit$$00000023          0x08000202   Section        0  libinit2.o(.ARM.Collect$$libinit$$00000023)
    .ARM.Collect$$libinit$$00000025          0x08000202   Section        0  libinit2.o(.ARM.Collect$$libinit$$00000025)
    .ARM.Collect$$libinit$$0000002C          0x08000202   Section        0  libinit2.o(.ARM.Collect$$libinit$$0000002C)
    .ARM.Collect$$libinit$$0000002E          0x08000202   Section        0  libinit2.o(.ARM.Collect$$libinit$$0000002E)
    .ARM.Collect$$libinit$$00000030          0x08000202   Section        0  libinit2.o(.ARM.Collect$$libinit$$00000030)
    .ARM.Collect$$libinit$$00000032          0x08000202   Section        0  libinit2.o(.ARM.Collect$$libinit$$00000032)
    .ARM.Collect$$libinit$$00000033          0x08000202   Section        2  libinit2.o(.ARM.Collect$$libinit$$00000033)
    .ARM.Collect$$libshutdown$$00000000      0x08000204   Section        2  libshutdown.o(.ARM.Collect$$libshutdown$$00000000)
    .ARM.Collect$$libshutdown$$00000002      0x08000206   Section        0  libshutdown2.o(.ARM.Collect$$libshutdown$$00000002)
    .ARM.Collect$$libshutdown$$00000004      0x08000206   Section        0  libshutdown2.o(.ARM.Collect$$libshutdown$$00000004)
    .ARM.Collect$$libshutdown$$00000007      0x08000206   Section        0  libshutdown2.o(.ARM.Collect$$libshutdown$$00000007)
    .ARM.Collect$$libshutdown$$0000000A      0x08000206   Section        0  libshutdown2.o(.ARM.Collect$$libshutdown$$0000000A)
    .ARM.Collect$$libshutdown$$0000000C      0x08000206   Section        0  libshutdown2.o(.ARM.Collect$$libshutdown$$0000000C)
    .ARM.Collect$$libshutdown$$0000000F      0x08000206   Section        0  libshutdown2.o(.ARM.Collect$$libshutdown$$0000000F)
    .ARM.Collect$$libshutdown$$00000010      0x08000206   Section        2  libshutdown2.o(.ARM.Collect$$libshutdown$$00000010)
    .ARM.Collect$$rtentry$$00000000          0x08000208   Section        0  __rtentry.o(.ARM.Collect$$rtentry$$00000000)
    .ARM.Collect$$rtentry$$00000002          0x08000208   Section        0  __rtentry2.o(.ARM.Collect$$rtentry$$00000002)
    .ARM.Collect$$rtentry$$00000004          0x08000208   Section        6  __rtentry4.o(.ARM.Collect$$rtentry$$00000004)
    .ARM.Collect$$rtentry$$00000009          0x0800020e   Section        0  __rtentry2.o(.ARM.Collect$$rtentry$$00000009)
    .ARM.Collect$$rtentry$$0000000A          0x0800020e   Section        4  __rtentry2.o(.ARM.Collect$$rtentry$$0000000A)
    .ARM.Collect$$rtentry$$0000000C          0x08000212   Section        0  __rtentry2.o(.ARM.Collect$$rtentry$$0000000C)
    .ARM.Collect$$rtentry$$0000000D          0x08000212   Section        8  __rtentry2.o(.ARM.Collect$$rtentry$$0000000D)
    .ARM.Collect$$rtexit$$00000000           0x0800021a   Section        2  rtexit.o(.ARM.Collect$$rtexit$$00000000)
    .ARM.Collect$$rtexit$$00000002           0x0800021c   Section        0  rtexit2.o(.ARM.Collect$$rtexit$$00000002)
    .ARM.Collect$$rtexit$$00000003           0x0800021c   Section        4  rtexit2.o(.ARM.Collect$$rtexit$$00000003)
    .ARM.Collect$$rtexit$$00000004           0x08000220   Section        6  rtexit2.o(.ARM.Collect$$rtexit$$00000004)
    .text                                    0x08000228   Section       64  startup_stm32f4xx.o(.text)
    $v0                                      0x08000228   Number         0  startup_stm32f4xx.o(.text)
    .text                                    0x08000268   Section        0  main.o(.text)
    .text                                    0x08000290   Section        0  timer_2.o(.text)
    .text                                    0x08000300   Section        0  can_2.o(.text)
    .text                                    0x08000518   Section        0  adc.o(.text)
    .text                                    0x080007a0   Section        0  unit_freemaster_uart.o(.text)
    .text                                    0x080008f8   Section        0  misc.o(.text)
    .text                                    0x080009c8   Section        0  system_stm32f4xx.o(.text)
    SetSysClock                              0x080009c9   Thumb Code   168  system_stm32f4xx.o(.text)
    .text                                    0x08000b6c   Section        0  stm32f4xx_gpio.o(.text)
    .text                                    0x08000df0   Section        0  stm32f4xx_usart.o(.text)
    .text                                    0x08001218   Section        0  stm32f4xx_tim.o(.text)
    TI4_Config                               0x08001941   Thumb Code    62  stm32f4xx_tim.o(.text)
    TI3_Config                               0x0800198f   Thumb Code    58  stm32f4xx_tim.o(.text)
    TI2_Config                               0x080019e1   Thumb Code    62  stm32f4xx_tim.o(.text)
    TI1_Config                               0x08001a2f   Thumb Code    54  stm32f4xx_tim.o(.text)
    .text                                    0x08001d90   Section        0  stm32f4xx_rcc.o(.text)
    .text                                    0x0800229c   Section        0  stm32f4xx_can.o(.text)
    CheckITStatus                            0x080029cd   Thumb Code    12  stm32f4xx_can.o(.text)
    .text                                    0x08002b8c   Section        0  stm32f4xx_adc.o(.text)
    .text                                    0x08002f80   Section        0  pe_freemaster_56f8xxx.o(.text)
    .text                                    0x08003050   Section        0  pe_freemaster_protocol.o(.text)
    .text                                    0x08003298   Section        0  pe_freemaster_rec.o(.text)
    FMSTR_Compare32U                         0x080032af   Thumb Code    22  pe_freemaster_rec.o(.text)
    FMSTR_Compare32S                         0x080032c5   Thumb Code    22  pe_freemaster_rec.o(.text)
    FMSTR_Compare16U                         0x080032db   Thumb Code    22  pe_freemaster_rec.o(.text)
    FMSTR_Compare16S                         0x080032f1   Thumb Code    26  pe_freemaster_rec.o(.text)
    FMSTR_Compare8U                          0x0800330b   Thumb Code    22  pe_freemaster_rec.o(.text)
    FMSTR_Compare8S                          0x08003321   Thumb Code    26  pe_freemaster_rec.o(.text)
    FMSTR_Recorder2                          0x080035cf   Thumb Code   238  pe_freemaster_rec.o(.text)
    .text                                    0x080036d0   Section        0  pe_freemaster_scope.o(.text)
    .text                                    0x08003794   Section        0  pe_freemaster_serial.o(.text)
    FMSTR_Listen                             0x08003795   Thumb Code    40  pe_freemaster_serial.o(.text)
    FMSTR_SendError                          0x0800382d   Thumb Code    10  pe_freemaster_serial.o(.text)
    FMSTR_Tx                                 0x08003837   Thumb Code    80  pe_freemaster_serial.o(.text)
    FMSTR_Rx                                 0x08003887   Thumb Code   232  pe_freemaster_serial.o(.text)
    .text                                    0x080039bc   Section        0  heapauxi.o(.text)
    .text                                    0x080039c2   Section       74  sys_stackheap_outer.o(.text)
    .text                                    0x08003a0c   Section        0  exit.o(.text)
    .text                                    0x08003a20   Section        8  libspace.o(.text)
    .text                                    0x08003a28   Section        0  sys_exit.o(.text)
    .text                                    0x08003a34   Section        2  use_no_semi.o(.text)
    .text                                    0x08003a36   Section        0  indicate_semi.o(.text)
    x$fpl$d2f                                0x08003a38   Section       98  d2f.o(x$fpl$d2f)
    $v0                                      0x08003a38   Number         0  d2f.o(x$fpl$d2f)
    x$fpl$ddiv                               0x08003a9c   Section      688  ddiv.o(x$fpl$ddiv)
    $v0                                      0x08003a9c   Number         0  ddiv.o(x$fpl$ddiv)
    ddiv_entry                               0x08003aa3   Thumb Code     0  ddiv.o(x$fpl$ddiv)
    x$fpl$dnaninf                            0x08003d4c   Section      156  dnaninf.o(x$fpl$dnaninf)
    $v0                                      0x08003d4c   Number         0  dnaninf.o(x$fpl$dnaninf)
    x$fpl$dretinf                            0x08003de8   Section       12  dretinf.o(x$fpl$dretinf)
    $v0                                      0x08003de8   Number         0  dretinf.o(x$fpl$dretinf)
    x$fpl$f2d                                0x08003df4   Section       86  f2d.o(x$fpl$f2d)
    $v0                                      0x08003df4   Number         0  f2d.o(x$fpl$f2d)
    x$fpl$fnaninf                            0x08003e4a   Section      140  fnaninf.o(x$fpl$fnaninf)
    $v0                                      0x08003e4a   Number         0  fnaninf.o(x$fpl$fnaninf)
    x$fpl$fpinit                             0x08003ed6   Section       10  fpinit.o(x$fpl$fpinit)
    $v0                                      0x08003ed6   Number         0  fpinit.o(x$fpl$fpinit)
    x$fpl$fretinf                            0x08003ee0   Section       10  fretinf.o(x$fpl$fretinf)
    $v0                                      0x08003ee0   Number         0  fretinf.o(x$fpl$fretinf)
    x$fpl$usenofp                            0x08003eea   Section        0  usenofp.o(x$fpl$usenofp)
    .data                                    0x20000000   Section        1  main.o(.data)
    .data                                    0x20000001   Section        4  main.o(.data)
    .data                                    0x20000008   Section       12  can_2.o(.data)
    .data                                    0x20000014   Section        8  can_2.o(.data)
    .data                                    0x2000001c   Section       40  adc.o(.data)
    .data                                    0x20000044   Section       20  system_stm32f4xx.o(.data)
    .data                                    0x20000058   Section       16  stm32f4xx_rcc.o(.data)
    APBAHBPrescTable                         0x20000058   Data          16  stm32f4xx_rcc.o(.data)
    .data                                    0x20000068   Section        2  pe_freemaster_56f8xxx.o(.data)
    pcm_bUseExAddr                           0x20000068   Data           2  pe_freemaster_56f8xxx.o(.data)
    .data                                    0x2000006c   Section       48  pe_freemaster_rec.o(.data)
    pcm_nTrgVarSize                          0x2000006e   Data           1  pe_freemaster_rec.o(.data)
    pcm_bTrgVarSigned                        0x2000006f   Data           1  pe_freemaster_rec.o(.data)
    pcm_wRecBuffSize                         0x2000007c   Data           2  pe_freemaster_rec.o(.data)
    pcm_nTrgVarAddr                          0x2000008c   Data           4  pe_freemaster_rec.o(.data)
    pcm_uTrgThreshold                        0x20000090   Data           4  pe_freemaster_rec.o(.data)
    pcm_nRecBuffAddr                         0x20000094   Data           4  pe_freemaster_rec.o(.data)
    pcm_pCompareFunc                         0x20000098   Data           4  pe_freemaster_rec.o(.data)
    .data                                    0x2000009c   Section        1  pe_freemaster_scope.o(.data)
    pcm_nScopeVarCount                       0x2000009c   Data           1  pe_freemaster_scope.o(.data)
    .data                                    0x200000a0   Section       20  pe_freemaster_serial.o(.data)
    pcm_nRxCheckSum                          0x200000a0   Data           1  pe_freemaster_serial.o(.data)
    pcm_nTxTodo                              0x200000a2   Data           2  pe_freemaster_serial.o(.data)
    pcm_nRxTodo                              0x200000a4   Data           2  pe_freemaster_serial.o(.data)
    pcm_wFlags                               0x200000a8   Data           4  pe_freemaster_serial.o(.data)
    pcm_pTxBuff                              0x200000ac   Data           4  pe_freemaster_serial.o(.data)
    pcm_pRxBuff                              0x200000b0   Data           4  pe_freemaster_serial.o(.data)
    .bss                                     0x200000b4   Section       16  main.o(.bss)
    .bss                                     0x200000c4   Section       16  main.o(.bss)
    .bss                                     0x200000d4   Section       12  timer_2.o(.bss)
    .bss                                     0x200000e0   Section       88  can_2.o(.bss)
    .bss                                     0x20000138   Section      184  adc.o(.bss)
    .bss                                     0x200001f0   Section     2096  pe_freemaster_rec.o(.bss)
    pcm_pOwnRecBuffer                        0x20000220   Data        2048  pe_freemaster_rec.o(.bss)
    .bss                                     0x20000a20   Section       48  pe_freemaster_scope.o(.bss)
    pcm_pScopeVarAddr                        0x20000a20   Data          32  pe_freemaster_scope.o(.bss)
    pcm_pScopeVarSize                        0x20000a40   Data          16  pe_freemaster_scope.o(.bss)
    .bss                                     0x20000a50   Section       67  pe_freemaster_serial.o(.bss)
    pcm_pCommBuffer                          0x20000a50   Data          67  pe_freemaster_serial.o(.bss)
    .bss                                     0x20000a94   Section       96  libspace.o(.bss)
    HEAP                                     0x20000af8   Section      512  startup_stm32f4xx.o(HEAP)
    Heap_Mem                                 0x20000af8   Data         512  startup_stm32f4xx.o(HEAP)
    STACK                                    0x20000cf8   Section     1024  startup_stm32f4xx.o(STACK)
    Stack_Mem                                0x20000cf8   Data        1024  startup_stm32f4xx.o(STACK)
    __initial_sp                             0x200010f8   Data           0  startup_stm32f4xx.o(STACK)

    Global Symbols

    Symbol Name                              Value     Ov Type        Size  Object(Section)

    BuildAttributes$$THM_ISAv4$E$P$D$K$B$S$7EM$VFPi3$EXTD16$VFPS$VFMA$PE$A:L22UL41UL21$X:L11$S22US41US21$IEEE1$IW$USESV6$~STKCKD$USESV7$~SHL$OTIME$ROPI$EBA8$UX$STANDARDLIB$REQ8$PRES8$EABIv2 0x00000000   Number         0  anon$$obj.o ABSOLUTE
    __ARM_use_no_argv                        0x00000000   Number         0  main.o ABSOLUTE
    __ARM_exceptions_init                     - Undefined Weak Reference
    __alloca_initialize                       - Undefined Weak Reference
    __arm_preinit_                            - Undefined Weak Reference
    __cpp_initialize__aeabi_                  - Undefined Weak Reference
    __cxa_finalize                            - Undefined Weak Reference
    __rt_locale                               - Undefined Weak Reference
    __sigvec_lookup                           - Undefined Weak Reference
    _atexit_init                              - Undefined Weak Reference
    _call_atexit_fns                          - Undefined Weak Reference
    _clock_init                               - Undefined Weak Reference
    _fp_trap_init                             - Undefined Weak Reference
    _fp_trap_shutdown                         - Undefined Weak Reference
    _get_lc_collate                           - Undefined Weak Reference
    _get_lc_ctype                             - Undefined Weak Reference
    _get_lc_monetary                          - Undefined Weak Reference
    _get_lc_numeric                           - Undefined Weak Reference
    _get_lc_time                              - Undefined Weak Reference
    _getenv_init                              - Undefined Weak Reference
    _handle_redirection                       - Undefined Weak Reference
    _init_alloc                               - Undefined Weak Reference
    _init_user_alloc                          - Undefined Weak Reference
    _initio                                   - Undefined Weak Reference
    _rand_init                                - Undefined Weak Reference
    _signal_finish                            - Undefined Weak Reference
    _signal_init                              - Undefined Weak Reference
    _terminate_alloc                          - Undefined Weak Reference
    _terminate_user_alloc                     - Undefined Weak Reference
    _terminateio                              - Undefined Weak Reference
    __Vectors_Size                           0x00000188   Number         0  startup_stm32f4xx.o ABSOLUTE
    __Vectors                                0x08000000   Data           4  startup_stm32f4xx.o(RESET)
    __Vectors_End                            0x08000188   Data           0  startup_stm32f4xx.o(RESET)
    __main                                   0x08000189   Thumb Code     8  __main.o(!!!main)
    __scatterload                            0x08000191   Thumb Code     0  __scatter.o(!!!scatter)
    __scatterload_rt2                        0x08000191   Thumb Code    44  __scatter.o(!!!scatter)
    __scatterload_rt2_thumb_only             0x08000191   Thumb Code     0  __scatter.o(!!!scatter)
    __scatterload_null                       0x0800019f   Thumb Code     0  __scatter.o(!!!scatter)
    __scatterload_copy                       0x080001c5   Thumb Code    26  __scatter_copy.o(!!handler_copy)
    __scatterload_zeroinit                   0x080001e1   Thumb Code    28  __scatter_zi.o(!!handler_zi)
    __rt_lib_init                            0x080001fd   Thumb Code     0  libinit.o(.ARM.Collect$$libinit$$00000000)
    __rt_lib_init_fp_1                       0x080001ff   Thumb Code     0  libinit2.o(.ARM.Collect$$libinit$$00000001)
    __rt_lib_init_alloca_1                   0x08000203   Thumb Code     0  libinit2.o(.ARM.Collect$$libinit$$0000002E)
    __rt_lib_init_argv_1                     0x08000203   Thumb Code     0  libinit2.o(.ARM.Collect$$libinit$$0000002C)
    __rt_lib_init_atexit_1                   0x08000203   Thumb Code     0  libinit2.o(.ARM.Collect$$libinit$$0000001B)
    __rt_lib_init_clock_1                    0x08000203   Thumb Code     0  libinit2.o(.ARM.Collect$$libinit$$00000021)
    __rt_lib_init_cpp_1                      0x08000203   Thumb Code     0  libinit2.o(.ARM.Collect$$libinit$$00000032)
    __rt_lib_init_exceptions_1               0x08000203   Thumb Code     0  libinit2.o(.ARM.Collect$$libinit$$00000030)
    __rt_lib_init_fp_trap_1                  0x08000203   Thumb Code     0  libinit2.o(.ARM.Collect$$libinit$$0000001F)
    __rt_lib_init_getenv_1                   0x08000203   Thumb Code     0  libinit2.o(.ARM.Collect$$libinit$$00000023)
    __rt_lib_init_heap_1                     0x08000203   Thumb Code     0  libinit2.o(.ARM.Collect$$libinit$$0000000A)
    __rt_lib_init_lc_collate_1               0x08000203   Thumb Code     0  libinit2.o(.ARM.Collect$$libinit$$00000011)
    __rt_lib_init_lc_ctype_1                 0x08000203   Thumb Code     0  libinit2.o(.ARM.Collect$$libinit$$00000013)
    __rt_lib_init_lc_monetary_1              0x08000203   Thumb Code     0  libinit2.o(.ARM.Collect$$libinit$$00000015)
    __rt_lib_init_lc_numeric_1               0x08000203   Thumb Code     0  libinit2.o(.ARM.Collect$$libinit$$00000017)
    __rt_lib_init_lc_time_1                  0x08000203   Thumb Code     0  libinit2.o(.ARM.Collect$$libinit$$00000019)
    __rt_lib_init_preinit_1                  0x08000203   Thumb Code     0  libinit2.o(.ARM.Collect$$libinit$$00000004)
    __rt_lib_init_rand_1                     0x08000203   Thumb Code     0  libinit2.o(.ARM.Collect$$libinit$$0000000E)
    __rt_lib_init_return                     0x08000203   Thumb Code     0  libinit2.o(.ARM.Collect$$libinit$$00000033)
    __rt_lib_init_signal_1                   0x08000203   Thumb Code     0  libinit2.o(.ARM.Collect$$libinit$$0000001D)
    __rt_lib_init_stdio_1                    0x08000203   Thumb Code     0  libinit2.o(.ARM.Collect$$libinit$$00000025)
    __rt_lib_init_user_alloc_1               0x08000203   Thumb Code     0  libinit2.o(.ARM.Collect$$libinit$$0000000C)
    __rt_lib_shutdown                        0x08000205   Thumb Code     0  libshutdown.o(.ARM.Collect$$libshutdown$$00000000)
    __rt_lib_shutdown_cpp_1                  0x08000207   Thumb Code     0  libshutdown2.o(.ARM.Collect$$libshutdown$$00000002)
    __rt_lib_shutdown_fp_trap_1              0x08000207   Thumb Code     0  libshutdown2.o(.ARM.Collect$$libshutdown$$00000007)
    __rt_lib_shutdown_heap_1                 0x08000207   Thumb Code     0  libshutdown2.o(.ARM.Collect$$libshutdown$$0000000F)
    __rt_lib_shutdown_return                 0x08000207   Thumb Code     0  libshutdown2.o(.ARM.Collect$$libshutdown$$00000010)
    __rt_lib_shutdown_signal_1               0x08000207   Thumb Code     0  libshutdown2.o(.ARM.Collect$$libshutdown$$0000000A)
    __rt_lib_shutdown_stdio_1                0x08000207   Thumb Code     0  libshutdown2.o(.ARM.Collect$$libshutdown$$00000004)
    __rt_lib_shutdown_user_alloc_1           0x08000207   Thumb Code     0  libshutdown2.o(.ARM.Collect$$libshutdown$$0000000C)
    __rt_entry                               0x08000209   Thumb Code     0  __rtentry.o(.ARM.Collect$$rtentry$$00000000)
    __rt_entry_presh_1                       0x08000209   Thumb Code     0  __rtentry2.o(.ARM.Collect$$rtentry$$00000002)
    __rt_entry_sh                            0x08000209   Thumb Code     0  __rtentry4.o(.ARM.Collect$$rtentry$$00000004)
    __rt_entry_li                            0x0800020f   Thumb Code     0  __rtentry2.o(.ARM.Collect$$rtentry$$0000000A)
    __rt_entry_postsh_1                      0x0800020f   Thumb Code     0  __rtentry2.o(.ARM.Collect$$rtentry$$00000009)
    __rt_entry_main                          0x08000213   Thumb Code     0  __rtentry2.o(.ARM.Collect$$rtentry$$0000000D)
    __rt_entry_postli_1                      0x08000213   Thumb Code     0  __rtentry2.o(.ARM.Collect$$rtentry$$0000000C)
    __rt_exit                                0x0800021b   Thumb Code     0  rtexit.o(.ARM.Collect$$rtexit$$00000000)
    __rt_exit_ls                             0x0800021d   Thumb Code     0  rtexit2.o(.ARM.Collect$$rtexit$$00000003)
    __rt_exit_prels_1                        0x0800021d   Thumb Code     0  rtexit2.o(.ARM.Collect$$rtexit$$00000002)
    __rt_exit_exit                           0x08000221   Thumb Code     0  rtexit2.o(.ARM.Collect$$rtexit$$00000004)
    Reset_Handler                            0x08000229   Thumb Code     8  startup_stm32f4xx.o(.text)
    NMI_Handler                              0x08000231   Thumb Code     2  startup_stm32f4xx.o(.text)
    HardFault_Handler                        0x08000233   Thumb Code     2  startup_stm32f4xx.o(.text)
    MemManage_Handler                        0x08000235   Thumb Code     2  startup_stm32f4xx.o(.text)
    BusFault_Handler                         0x08000237   Thumb Code     2  startup_stm32f4xx.o(.text)
    UsageFault_Handler                       0x08000239   Thumb Code     2  startup_stm32f4xx.o(.text)
    SVC_Handler                              0x0800023b   Thumb Code     2  startup_stm32f4xx.o(.text)
    DebugMon_Handler                         0x0800023d   Thumb Code     2  startup_stm32f4xx.o(.text)
    PendSV_Handler                           0x0800023f   Thumb Code     2  startup_stm32f4xx.o(.text)
    SysTick_Handler                          0x08000241   Thumb Code     2  startup_stm32f4xx.o(.text)
    CAN1_RX0_IRQHandler                      0x08000243   Thumb Code     0  startup_stm32f4xx.o(.text)
    CAN1_RX1_IRQHandler                      0x08000243   Thumb Code     0  startup_stm32f4xx.o(.text)
    CAN1_SCE_IRQHandler                      0x08000243   Thumb Code     0  startup_stm32f4xx.o(.text)
    CAN1_TX_IRQHandler                       0x08000243   Thumb Code     0  startup_stm32f4xx.o(.text)
    CAN2_SCE_IRQHandler                      0x08000243   Thumb Code     0  startup_stm32f4xx.o(.text)
    CRYP_IRQHandler                          0x08000243   Thumb Code     0  startup_stm32f4xx.o(.text)
    DCMI_IRQHandler                          0x08000243   Thumb Code     0  startup_stm32f4xx.o(.text)
    DMA1_Stream0_IRQHandler                  0x08000243   Thumb Code     0  startup_stm32f4xx.o(.text)
    DMA1_Stream1_IRQHandler                  0x08000243   Thumb Code     0  startup_stm32f4xx.o(.text)
    DMA1_Stream2_IRQHandler                  0x08000243   Thumb Code     0  startup_stm32f4xx.o(.text)
    DMA1_Stream3_IRQHandler                  0x08000243   Thumb Code     0  startup_stm32f4xx.o(.text)
    DMA1_Stream4_IRQHandler                  0x08000243   Thumb Code     0  startup_stm32f4xx.o(.text)
    DMA1_Stream5_IRQHandler                  0x08000243   Thumb Code     0  startup_stm32f4xx.o(.text)
    DMA1_Stream6_IRQHandler                  0x08000243   Thumb Code     0  startup_stm32f4xx.o(.text)
    DMA1_Stream7_IRQHandler                  0x08000243   Thumb Code     0  startup_stm32f4xx.o(.text)
    DMA2_Stream0_IRQHandler                  0x08000243   Thumb Code     0  startup_stm32f4xx.o(.text)
    DMA2_Stream1_IRQHandler                  0x08000243   Thumb Code     0  startup_stm32f4xx.o(.text)
    DMA2_Stream2_IRQHandler                  0x08000243   Thumb Code     0  startup_stm32f4xx.o(.text)
    DMA2_Stream3_IRQHandler                  0x08000243   Thumb Code     0  startup_stm32f4xx.o(.text)
    DMA2_Stream4_IRQHandler                  0x08000243   Thumb Code     0  startup_stm32f4xx.o(.text)
    DMA2_Stream5_IRQHandler                  0x08000243   Thumb Code     0  startup_stm32f4xx.o(.text)
    DMA2_Stream6_IRQHandler                  0x08000243   Thumb Code     0  startup_stm32f4xx.o(.text)
    DMA2_Stream7_IRQHandler                  0x08000243   Thumb Code     0  startup_stm32f4xx.o(.text)
    ETH_IRQHandler                           0x08000243   Thumb Code     0  startup_stm32f4xx.o(.text)
    ETH_WKUP_IRQHandler                      0x08000243   Thumb Code     0  startup_stm32f4xx.o(.text)
    EXTI0_IRQHandler                         0x08000243   Thumb Code     0  startup_stm32f4xx.o(.text)
    EXTI15_10_IRQHandler                     0x08000243   Thumb Code     0  startup_stm32f4xx.o(.text)
    EXTI1_IRQHandler                         0x08000243   Thumb Code     0  startup_stm32f4xx.o(.text)
    EXTI2_IRQHandler                         0x08000243   Thumb Code     0  startup_stm32f4xx.o(.text)
    EXTI3_IRQHandler                         0x08000243   Thumb Code     0  startup_stm32f4xx.o(.text)
    EXTI4_IRQHandler                         0x08000243   Thumb Code     0  startup_stm32f4xx.o(.text)
    EXTI9_5_IRQHandler                       0x08000243   Thumb Code     0  startup_stm32f4xx.o(.text)
    FLASH_IRQHandler                         0x08000243   Thumb Code     0  startup_stm32f4xx.o(.text)
    FPU_IRQHandler                           0x08000243   Thumb Code     0  startup_stm32f4xx.o(.text)
    FSMC_IRQHandler                          0x08000243   Thumb Code     0  startup_stm32f4xx.o(.text)
    HASH_RNG_IRQHandler                      0x08000243   Thumb Code     0  startup_stm32f4xx.o(.text)
    I2C1_ER_IRQHandler                       0x08000243   Thumb Code     0  startup_stm32f4xx.o(.text)
    I2C1_EV_IRQHandler                       0x08000243   Thumb Code     0  startup_stm32f4xx.o(.text)
    I2C2_ER_IRQHandler                       0x08000243   Thumb Code     0  startup_stm32f4xx.o(.text)
    I2C2_EV_IRQHandler                       0x08000243   Thumb Code     0  startup_stm32f4xx.o(.text)
    I2C3_ER_IRQHandler                       0x08000243   Thumb Code     0  startup_stm32f4xx.o(.text)
    I2C3_EV_IRQHandler                       0x08000243   Thumb Code     0  startup_stm32f4xx.o(.text)
    OTG_FS_IRQHandler                        0x08000243   Thumb Code     0  startup_stm32f4xx.o(.text)
    OTG_FS_WKUP_IRQHandler                   0x08000243   Thumb Code     0  startup_stm32f4xx.o(.text)
    OTG_HS_EP1_IN_IRQHandler                 0x08000243   Thumb Code     0  startup_stm32f4xx.o(.text)
    OTG_HS_EP1_OUT_IRQHandler                0x08000243   Thumb Code     0  startup_stm32f4xx.o(.text)
    OTG_HS_IRQHandler                        0x08000243   Thumb Code     0  startup_stm32f4xx.o(.text)
    OTG_HS_WKUP_IRQHandler                   0x08000243   Thumb Code     0  startup_stm32f4xx.o(.text)
    PVD_IRQHandler                           0x08000243   Thumb Code     0  startup_stm32f4xx.o(.text)
    RCC_IRQHandler                           0x08000243   Thumb Code     0  startup_stm32f4xx.o(.text)
    RTC_Alarm_IRQHandler                     0x08000243   Thumb Code     0  startup_stm32f4xx.o(.text)
    RTC_WKUP_IRQHandler                      0x08000243   Thumb Code     0  startup_stm32f4xx.o(.text)
    SDIO_IRQHandler                          0x08000243   Thumb Code     0  startup_stm32f4xx.o(.text)
    SPI1_IRQHandler                          0x08000243   Thumb Code     0  startup_stm32f4xx.o(.text)
    SPI2_IRQHandler                          0x08000243   Thumb Code     0  startup_stm32f4xx.o(.text)
    SPI3_IRQHandler                          0x08000243   Thumb Code     0  startup_stm32f4xx.o(.text)
    TAMP_STAMP_IRQHandler                    0x08000243   Thumb Code     0  startup_stm32f4xx.o(.text)
    TIM1_BRK_TIM9_IRQHandler                 0x08000243   Thumb Code     0  startup_stm32f4xx.o(.text)
    TIM1_CC_IRQHandler                       0x08000243   Thumb Code     0  startup_stm32f4xx.o(.text)
    TIM1_TRG_COM_TIM11_IRQHandler            0x08000243   Thumb Code     0  startup_stm32f4xx.o(.text)
    TIM1_UP_TIM10_IRQHandler                 0x08000243   Thumb Code     0  startup_stm32f4xx.o(.text)
    TIM3_IRQHandler                          0x08000243   Thumb Code     0  startup_stm32f4xx.o(.text)
    TIM4_IRQHandler                          0x08000243   Thumb Code     0  startup_stm32f4xx.o(.text)
    TIM5_IRQHandler                          0x08000243   Thumb Code     0  startup_stm32f4xx.o(.text)
    TIM6_DAC_IRQHandler                      0x08000243   Thumb Code     0  startup_stm32f4xx.o(.text)
    TIM7_IRQHandler                          0x08000243   Thumb Code     0  startup_stm32f4xx.o(.text)
    TIM8_BRK_TIM12_IRQHandler                0x08000243   Thumb Code     0  startup_stm32f4xx.o(.text)
    TIM8_CC_IRQHandler                       0x08000243   Thumb Code     0  startup_stm32f4xx.o(.text)
    TIM8_TRG_COM_TIM14_IRQHandler            0x08000243   Thumb Code     0  startup_stm32f4xx.o(.text)
    TIM8_UP_TIM13_IRQHandler                 0x08000243   Thumb Code     0  startup_stm32f4xx.o(.text)
    UART4_IRQHandler                         0x08000243   Thumb Code     0  startup_stm32f4xx.o(.text)
    UART5_IRQHandler                         0x08000243   Thumb Code     0  startup_stm32f4xx.o(.text)
    USART1_IRQHandler                        0x08000243   Thumb Code     0  startup_stm32f4xx.o(.text)
    USART2_IRQHandler                        0x08000243   Thumb Code     0  startup_stm32f4xx.o(.text)
    USART3_IRQHandler                        0x08000243   Thumb Code     0  startup_stm32f4xx.o(.text)
    WWDG_IRQHandler                          0x08000243   Thumb Code     0  startup_stm32f4xx.o(.text)
    __user_initial_stackheap                 0x08000245   Thumb Code     0  startup_stm32f4xx.o(.text)
    main                                     0x08000269   Thumb Code    36  main.o(.text)
    Timer_2_init                             0x08000291   Thumb Code    68  timer_2.o(.text)
    TIM2_IRQHandler                          0x080002d5   Thumb Code    30  timer_2.o(.text)
    init_CAN2                                0x08000301   Thumb Code   300  can_2.o(.text)
    CAN2_TX_IRQHandler                       0x0800042d   Thumb Code    30  can_2.o(.text)
    CAN2_RX0_IRQHandler                      0x0800044b   Thumb Code    86  can_2.o(.text)
    CAN2_RX1_IRQHandler                      0x080004a1   Thumb Code    70  can_2.o(.text)
    ADC_init                                 0x08000519   Thumb Code   204  adc.o(.text)
    median_filter                            0x080005e5   Thumb Code    90  adc.o(.text)
    ADC_IRQHandler                           0x0800063f   Thumb Code   282  adc.o(.text)
    FMSTR_SCI_PUTCHAR                        0x080007a1   Thumb Code     6  unit_freemaster_uart.o(.text)
    FMSTR_SCI_GETCHAR                        0x080007a7   Thumb Code     6  unit_freemaster_uart.o(.text)
    FMSTR_SCI_RE                             0x080007ad   Thumb Code    22  unit_freemaster_uart.o(.text)
    FMSTR_SCI_RD                             0x080007c3   Thumb Code    22  unit_freemaster_uart.o(.text)
    FMSTR_SCI_TE                             0x080007d9   Thumb Code    22  unit_freemaster_uart.o(.text)
    FMSTR_SCI_TD                             0x080007ef   Thumb Code    22  unit_freemaster_uart.o(.text)
    FMSTR_SCI_RDCLRSR                        0x08000805   Thumb Code    40  unit_freemaster_uart.o(.text)
    UART_init                                0x0800082d   Thumb Code   170  unit_freemaster_uart.o(.text)
    uartInit                                 0x080008d7   Thumb Code     2  unit_freemaster_uart.o(.text)
    USART6_IRQHandler                        0x080008d9   Thumb Code     4  unit_freemaster_uart.o(.text)
    NVIC_PriorityGroupConfig                 0x080008f9   Thumb Code    14  misc.o(.text)
    NVIC_Init                                0x08000907   Thumb Code   112  misc.o(.text)
    NVIC_SetVectorTable                      0x08000977   Thumb Code    16  misc.o(.text)
    NVIC_SystemLPConfig                      0x08000987   Thumb Code    24  misc.o(.text)
    SysTick_CLKSourceConfig                  0x0800099f   Thumb Code    28  misc.o(.text)
    SystemInit                               0x08000a71   Thumb Code    72  system_stm32f4xx.o(.text)
    SystemCoreClockUpdate                    0x08000ab9   Thumb Code   124  system_stm32f4xx.o(.text)
    GPIO_DeInit                              0x08000b6d   Thumb Code   340  stm32f4xx_gpio.o(.text)
    GPIO_Init                                0x08000cc1   Thumb Code   150  stm32f4xx_gpio.o(.text)
    GPIO_StructInit                          0x08000d57   Thumb Code    18  stm32f4xx_gpio.o(.text)
    GPIO_PinLockConfig                       0x08000d69   Thumb Code    28  stm32f4xx_gpio.o(.text)
    GPIO_ReadInputDataBit                    0x08000d85   Thumb Code    14  stm32f4xx_gpio.o(.text)
    GPIO_ReadInputData                       0x08000d93   Thumb Code     6  stm32f4xx_gpio.o(.text)
    GPIO_ReadOutputDataBit                   0x08000d99   Thumb Code    14  stm32f4xx_gpio.o(.text)
    GPIO_ReadOutputData                      0x08000da7   Thumb Code     6  stm32f4xx_gpio.o(.text)
    GPIO_SetBits                             0x08000dad   Thumb Code     4  stm32f4xx_gpio.o(.text)
    GPIO_ResetBits                           0x08000db1   Thumb Code     4  stm32f4xx_gpio.o(.text)
    GPIO_WriteBit                            0x08000db5   Thumb Code    12  stm32f4xx_gpio.o(.text)
    GPIO_Write                               0x08000dc1   Thumb Code     4  stm32f4xx_gpio.o(.text)
    GPIO_ToggleBits                          0x08000dc5   Thumb Code     8  stm32f4xx_gpio.o(.text)
    GPIO_PinAFConfig                         0x08000dcd   Thumb Code    34  stm32f4xx_gpio.o(.text)
    USART_DeInit                             0x08000df1   Thumb Code   256  stm32f4xx_usart.o(.text)
    USART_Init                               0x08000ef1   Thumb Code   202  stm32f4xx_usart.o(.text)
    USART_StructInit                         0x08000fbb   Thumb Code    22  stm32f4xx_usart.o(.text)
    USART_ClockInit                          0x08000fd1   Thumb Code    34  stm32f4xx_usart.o(.text)
    USART_ClockStructInit                    0x08000ff3   Thumb Code    12  stm32f4xx_usart.o(.text)
    USART_Cmd                                0x08000fff   Thumb Code    24  stm32f4xx_usart.o(.text)
    USART_SetPrescaler                       0x08001017   Thumb Code    16  stm32f4xx_usart.o(.text)
    USART_OverSampling8Cmd                   0x08001027   Thumb Code    24  stm32f4xx_usart.o(.text)
    USART_OneBitMethodCmd                    0x0800103f   Thumb Code    24  stm32f4xx_usart.o(.text)
    USART_SendData                           0x08001057   Thumb Code     8  stm32f4xx_usart.o(.text)
    USART_ReceiveData                        0x0800105f   Thumb Code     8  stm32f4xx_usart.o(.text)
    USART_SetAddress                         0x08001067   Thumb Code    16  stm32f4xx_usart.o(.text)
    USART_ReceiverWakeUpCmd                  0x08001077   Thumb Code    24  stm32f4xx_usart.o(.text)
    USART_WakeUpConfig                       0x0800108f   Thumb Code    16  stm32f4xx_usart.o(.text)
    USART_LINBreakDetectLengthConfig         0x0800109f   Thumb Code    16  stm32f4xx_usart.o(.text)
    USART_LINCmd                             0x080010af   Thumb Code    24  stm32f4xx_usart.o(.text)
    USART_SendBreak                          0x080010c7   Thumb Code    10  stm32f4xx_usart.o(.text)
    USART_HalfDuplexCmd                      0x080010d1   Thumb Code    24  stm32f4xx_usart.o(.text)
    USART_SetGuardTime                       0x080010e9   Thumb Code    16  stm32f4xx_usart.o(.text)
    USART_SmartCardCmd                       0x080010f9   Thumb Code    24  stm32f4xx_usart.o(.text)
    USART_SmartCardNACKCmd                   0x08001111   Thumb Code    24  stm32f4xx_usart.o(.text)
    USART_IrDAConfig                         0x08001129   Thumb Code    16  stm32f4xx_usart.o(.text)
    USART_IrDACmd                            0x08001139   Thumb Code    24  stm32f4xx_usart.o(.text)
    USART_DMACmd                             0x08001151   Thumb Code    22  stm32f4xx_usart.o(.text)
    USART_ITConfig                           0x08001167   Thumb Code    58  stm32f4xx_usart.o(.text)
    USART_GetFlagStatus                      0x080011a1   Thumb Code    14  stm32f4xx_usart.o(.text)
    USART_ClearFlag                          0x080011af   Thumb Code    10  stm32f4xx_usart.o(.text)
    USART_GetITStatus                        0x080011b9   Thumb Code    72  stm32f4xx_usart.o(.text)
    USART_ClearITPendingBit                  0x08001201   Thumb Code    18  stm32f4xx_usart.o(.text)
    TIM_DeInit                               0x08001219   Thumb Code   438  stm32f4xx_tim.o(.text)
    TIM_TimeBaseInit                         0x080013cf   Thumb Code   120  stm32f4xx_tim.o(.text)
    TIM_TimeBaseStructInit                   0x08001447   Thumb Code    18  stm32f4xx_tim.o(.text)
    TIM_PrescalerConfig                      0x08001459   Thumb Code     6  stm32f4xx_tim.o(.text)
    TIM_CounterModeConfig                    0x0800145f   Thumb Code    12  stm32f4xx_tim.o(.text)
    TIM_SetCounter                           0x0800146b   Thumb Code     4  stm32f4xx_tim.o(.text)
    TIM_SetAutoreload                        0x0800146f   Thumb Code     4  stm32f4xx_tim.o(.text)
    TIM_GetCounter                           0x08001473   Thumb Code     4  stm32f4xx_tim.o(.text)
    TIM_GetPrescaler                         0x08001477   Thumb Code     4  stm32f4xx_tim.o(.text)
    TIM_UpdateDisableConfig                  0x0800147b   Thumb Code    24  stm32f4xx_tim.o(.text)
    TIM_UpdateRequestConfig                  0x08001493   Thumb Code    24  stm32f4xx_tim.o(.text)
    TIM_ARRPreloadConfig                     0x080014ab   Thumb Code    24  stm32f4xx_tim.o(.text)
    TIM_SelectOnePulseMode                   0x080014c3   Thumb Code    16  stm32f4xx_tim.o(.text)
    TIM_SetClockDivision                     0x080014d3   Thumb Code    16  stm32f4xx_tim.o(.text)
    TIM_Cmd                                  0x080014e3   Thumb Code    24  stm32f4xx_tim.o(.text)
    TIM_OC1Init                              0x080014fb   Thumb Code   112  stm32f4xx_tim.o(.text)
    TIM_OC2Init                              0x0800156b   Thumb Code   142  stm32f4xx_tim.o(.text)
    TIM_OC3Init                              0x080015f9   Thumb Code   140  stm32f4xx_tim.o(.text)
    TIM_OC4Init                              0x08001685   Thumb Code   108  stm32f4xx_tim.o(.text)
    TIM_OCStructInit                         0x080016f1   Thumb Code    20  stm32f4xx_tim.o(.text)
    TIM_SelectOCxM                           0x08001705   Thumb Code    92  stm32f4xx_tim.o(.text)
    TIM_SetCompare1                          0x08001761   Thumb Code     4  stm32f4xx_tim.o(.text)
    TIM_SetCompare2                          0x08001765   Thumb Code     4  stm32f4xx_tim.o(.text)
    TIM_SetCompare3                          0x08001769   Thumb Code     4  stm32f4xx_tim.o(.text)
    TIM_SetCompare4                          0x0800176d   Thumb Code     4  stm32f4xx_tim.o(.text)
    TIM_ForcedOC1Config                      0x08001771   Thumb Code    12  stm32f4xx_tim.o(.text)
    TIM_ForcedOC2Config                      0x0800177d   Thumb Code    20  stm32f4xx_tim.o(.text)
    TIM_ForcedOC3Config                      0x08001791   Thumb Code    12  stm32f4xx_tim.o(.text)
    TIM_ForcedOC4Config                      0x0800179d   Thumb Code    28  stm32f4xx_tim.o(.text)
    TIM_OC1PreloadConfig                     0x080017b9   Thumb Code    12  stm32f4xx_tim.o(.text)
    TIM_OC2PreloadConfig                     0x080017c5   Thumb Code    20  stm32f4xx_tim.o(.text)
    TIM_OC3PreloadConfig                     0x080017d9   Thumb Code    12  stm32f4xx_tim.o(.text)
    TIM_OC4PreloadConfig                     0x080017e5   Thumb Code    20  stm32f4xx_tim.o(.text)
    TIM_OC1FastConfig                        0x080017f9   Thumb Code    12  stm32f4xx_tim.o(.text)
    TIM_OC2FastConfig                        0x08001805   Thumb Code    20  stm32f4xx_tim.o(.text)
    TIM_OC3FastConfig                        0x08001819   Thumb Code    12  stm32f4xx_tim.o(.text)
    TIM_OC4FastConfig                        0x08001825   Thumb Code    20  stm32f4xx_tim.o(.text)
    TIM_ClearOC1Ref                          0x08001839   Thumb Code    12  stm32f4xx_tim.o(.text)
    TIM_ClearOC2Ref                          0x08001845   Thumb Code    20  stm32f4xx_tim.o(.text)
    TIM_ClearOC3Ref                          0x08001859   Thumb Code    12  stm32f4xx_tim.o(.text)
    TIM_ClearOC4Ref                          0x08001865   Thumb Code    20  stm32f4xx_tim.o(.text)
    TIM_OC1PolarityConfig                    0x08001879   Thumb Code    12  stm32f4xx_tim.o(.text)
    TIM_OC1NPolarityConfig                   0x08001885   Thumb Code    12  stm32f4xx_tim.o(.text)
    TIM_OC2PolarityConfig                    0x08001891   Thumb Code    20  stm32f4xx_tim.o(.text)
    TIM_OC2NPolarityConfig                   0x080018a5   Thumb Code    20  stm32f4xx_tim.o(.text)
    TIM_OC3PolarityConfig                    0x080018b9   Thumb Code    20  stm32f4xx_tim.o(.text)
    TIM_OC3NPolarityConfig                   0x080018cd   Thumb Code    20  stm32f4xx_tim.o(.text)
    TIM_OC4PolarityConfig                    0x080018e1   Thumb Code    20  stm32f4xx_tim.o(.text)
    TIM_CCxCmd                               0x080018f5   Thumb Code    26  stm32f4xx_tim.o(.text)
    TIM_CCxNCmd                              0x0800190f   Thumb Code    26  stm32f4xx_tim.o(.text)
    TIM_SetIC4Prescaler                      0x08001929   Thumb Code    24  stm32f4xx_tim.o(.text)
    TIM_SetIC3Prescaler                      0x0800197f   Thumb Code    16  stm32f4xx_tim.o(.text)
    TIM_SetIC2Prescaler                      0x080019c9   Thumb Code    24  stm32f4xx_tim.o(.text)
    TIM_SetIC1Prescaler                      0x08001a1f   Thumb Code    16  stm32f4xx_tim.o(.text)
    TIM_ICInit                               0x08001a65   Thumb Code   100  stm32f4xx_tim.o(.text)
    TIM_ICStructInit                         0x08001ac9   Thumb Code    16  stm32f4xx_tim.o(.text)
    TIM_PWMIConfig                           0x08001ad9   Thumb Code   106  stm32f4xx_tim.o(.text)
    TIM_GetCapture1                          0x08001b43   Thumb Code     4  stm32f4xx_tim.o(.text)
    TIM_GetCapture2                          0x08001b47   Thumb Code     4  stm32f4xx_tim.o(.text)
    TIM_GetCapture3                          0x08001b4b   Thumb Code     4  stm32f4xx_tim.o(.text)
    TIM_GetCapture4                          0x08001b4f   Thumb Code     4  stm32f4xx_tim.o(.text)
    TIM_BDTRConfig                           0x08001b53   Thumb Code    36  stm32f4xx_tim.o(.text)
    TIM_BDTRStructInit                       0x08001b77   Thumb Code    18  stm32f4xx_tim.o(.text)
    TIM_CtrlPWMOutputs                       0x08001b89   Thumb Code    32  stm32f4xx_tim.o(.text)
    TIM_SelectCOM                            0x08001ba9   Thumb Code    24  stm32f4xx_tim.o(.text)
    TIM_CCPreloadControl                     0x08001bc1   Thumb Code    24  stm32f4xx_tim.o(.text)
    TIM_ITConfig                             0x08001bd9   Thumb Code    22  stm32f4xx_tim.o(.text)
    TIM_GenerateEvent                        0x08001bef   Thumb Code     4  stm32f4xx_tim.o(.text)
    TIM_GetFlagStatus                        0x08001bf3   Thumb Code    14  stm32f4xx_tim.o(.text)
    TIM_ClearFlag                            0x08001c01   Thumb Code     6  stm32f4xx_tim.o(.text)
    TIM_GetITStatus                          0x08001c07   Thumb Code    22  stm32f4xx_tim.o(.text)
    TIM_ClearITPendingBit                    0x08001c1d   Thumb Code     6  stm32f4xx_tim.o(.text)
    TIM_DMAConfig                            0x08001c23   Thumb Code     8  stm32f4xx_tim.o(.text)
    TIM_DMACmd                               0x08001c2b   Thumb Code    22  stm32f4xx_tim.o(.text)
    TIM_SelectCCDMA                          0x08001c41   Thumb Code    24  stm32f4xx_tim.o(.text)
    TIM_InternalClockConfig                  0x08001c59   Thumb Code    10  stm32f4xx_tim.o(.text)
    TIM_SelectInputTrigger                   0x08001c63   Thumb Code    12  stm32f4xx_tim.o(.text)
    TIM_ITRxExternalClockConfig              0x08001c6f   Thumb Code    20  stm32f4xx_tim.o(.text)
    TIM_TIxExternalClockConfig               0x08001c83   Thumb Code    48  stm32f4xx_tim.o(.text)
    TIM_ETRConfig                            0x08001cb3   Thumb Code    32  stm32f4xx_tim.o(.text)
    TIM_ETRClockMode1Config                  0x08001cd3   Thumb Code    32  stm32f4xx_tim.o(.text)
    TIM_ETRClockMode2Config                  0x08001cf3   Thumb Code    20  stm32f4xx_tim.o(.text)
    TIM_SelectOutputTrigger                  0x08001d07   Thumb Code    16  stm32f4xx_tim.o(.text)
    TIM_SelectSlaveMode                      0x08001d17   Thumb Code    16  stm32f4xx_tim.o(.text)
    TIM_SelectMasterSlaveMode                0x08001d27   Thumb Code    16  stm32f4xx_tim.o(.text)
    TIM_EncoderInterfaceConfig               0x08001d37   Thumb Code    60  stm32f4xx_tim.o(.text)
    TIM_SelectHallSensor                     0x08001d73   Thumb Code    24  stm32f4xx_tim.o(.text)
    TIM_RemapConfig                          0x08001d8b   Thumb Code     6  stm32f4xx_tim.o(.text)
    RCC_DeInit                               0x08001d91   Thumb Code    64  stm32f4xx_rcc.o(.text)
    RCC_HSEConfig                            0x08001dd1   Thumb Code    10  stm32f4xx_rcc.o(.text)
    RCC_GetFlagStatus                        0x08001ddb   Thumb Code    48  stm32f4xx_rcc.o(.text)
    RCC_WaitForHSEStartUp                    0x08001e0b   Thumb Code    46  stm32f4xx_rcc.o(.text)
    RCC_AdjustHSICalibrationValue            0x08001e39   Thumb Code    16  stm32f4xx_rcc.o(.text)
    RCC_HSICmd                               0x08001e49   Thumb Code     6  stm32f4xx_rcc.o(.text)
    RCC_LSEConfig                            0x08001e4f   Thumb Code    28  stm32f4xx_rcc.o(.text)
    RCC_LSICmd                               0x08001e6b   Thumb Code     6  stm32f4xx_rcc.o(.text)
    RCC_PLLConfig                            0x08001e71   Thumb Code    32  stm32f4xx_rcc.o(.text)
    RCC_PLLCmd                               0x08001e91   Thumb Code     6  stm32f4xx_rcc.o(.text)
    RCC_PLLI2SConfig                         0x08001e97   Thumb Code    12  stm32f4xx_rcc.o(.text)
    RCC_PLLI2SCmd                            0x08001ea3   Thumb Code     6  stm32f4xx_rcc.o(.text)
    RCC_PLLSAIConfig                         0x08001ea9   Thumb Code    16  stm32f4xx_rcc.o(.text)
    RCC_PLLSAICmd                            0x08001eb9   Thumb Code     6  stm32f4xx_rcc.o(.text)
    RCC_ClockSecuritySystemCmd               0x08001ebf   Thumb Code     6  stm32f4xx_rcc.o(.text)
    RCC_MCO1Config                           0x08001ec5   Thumb Code    16  stm32f4xx_rcc.o(.text)
    RCC_MCO2Config                           0x08001ed5   Thumb Code    16  stm32f4xx_rcc.o(.text)
    RCC_SYSCLKConfig                         0x08001ee5   Thumb Code    14  stm32f4xx_rcc.o(.text)
    RCC_GetSYSCLKSource                      0x08001ef3   Thumb Code    10  stm32f4xx_rcc.o(.text)
    RCC_HCLKConfig                           0x08001efd   Thumb Code    14  stm32f4xx_rcc.o(.text)
    RCC_PCLK1Config                          0x08001f0b   Thumb Code    14  stm32f4xx_rcc.o(.text)
    RCC_PCLK2Config                          0x08001f19   Thumb Code    16  stm32f4xx_rcc.o(.text)
    RCC_GetClocksFreq                        0x08001f29   Thumb Code   160  stm32f4xx_rcc.o(.text)
    RCC_RTCCLKConfig                         0x08001fc9   Thumb Code    42  stm32f4xx_rcc.o(.text)
    RCC_RTCCLKCmd                            0x08001ff3   Thumb Code     6  stm32f4xx_rcc.o(.text)
    RCC_BackupResetCmd                       0x08001ff9   Thumb Code     6  stm32f4xx_rcc.o(.text)
    RCC_I2SCLKConfig                         0x08001fff   Thumb Code     6  stm32f4xx_rcc.o(.text)
    RCC_SAIPLLI2SClkDivConfig                0x08002005   Thumb Code    16  stm32f4xx_rcc.o(.text)
    RCC_SAIPLLSAIClkDivConfig                0x08002015   Thumb Code    18  stm32f4xx_rcc.o(.text)
    RCC_SAIBlockACLKConfig                   0x08002027   Thumb Code    14  stm32f4xx_rcc.o(.text)
    RCC_SAIBlockBCLKConfig                   0x08002035   Thumb Code    14  stm32f4xx_rcc.o(.text)
    RCC_LTDCCLKDivConfig                     0x08002043   Thumb Code    14  stm32f4xx_rcc.o(.text)
    RCC_TIMCLKPresConfig                     0x08002051   Thumb Code     6  stm32f4xx_rcc.o(.text)
    RCC_AHB1PeriphClockCmd                   0x08002057   Thumb Code    24  stm32f4xx_rcc.o(.text)
    RCC_AHB2PeriphClockCmd                   0x0800206f   Thumb Code    24  stm32f4xx_rcc.o(.text)
    RCC_AHB3PeriphClockCmd                   0x08002087   Thumb Code    24  stm32f4xx_rcc.o(.text)
    RCC_APB1PeriphClockCmd                   0x0800209f   Thumb Code    24  stm32f4xx_rcc.o(.text)
    RCC_APB2PeriphClockCmd                   0x080020b7   Thumb Code    24  stm32f4xx_rcc.o(.text)
    RCC_AHB1PeriphResetCmd                   0x080020cf   Thumb Code    24  stm32f4xx_rcc.o(.text)
    RCC_AHB2PeriphResetCmd                   0x080020e7   Thumb Code    24  stm32f4xx_rcc.o(.text)
    RCC_AHB3PeriphResetCmd                   0x080020ff   Thumb Code    24  stm32f4xx_rcc.o(.text)
    RCC_APB1PeriphResetCmd                   0x08002117   Thumb Code    24  stm32f4xx_rcc.o(.text)
    RCC_APB2PeriphResetCmd                   0x0800212f   Thumb Code    24  stm32f4xx_rcc.o(.text)
    RCC_AHB1PeriphClockLPModeCmd             0x08002147   Thumb Code    24  stm32f4xx_rcc.o(.text)
    RCC_AHB2PeriphClockLPModeCmd             0x0800215f   Thumb Code   158  stm32f4xx_rcc.o(.text)
    RCC_AHB3PeriphClockLPModeCmd             0x080021fd   Thumb Code    24  stm32f4xx_rcc.o(.text)
    RCC_APB1PeriphClockLPModeCmd             0x08002215   Thumb Code    24  stm32f4xx_rcc.o(.text)
    RCC_APB2PeriphClockLPModeCmd             0x0800222d   Thumb Code    24  stm32f4xx_rcc.o(.text)
    RCC_LSEModeConfig                        0x08002245   Thumb Code     2  stm32f4xx_rcc.o(.text)
    RCC_ITConfig                             0x08002247   Thumb Code    24  stm32f4xx_rcc.o(.text)
    RCC_ClearFlag                            0x0800225f   Thumb Code    12  stm32f4xx_rcc.o(.text)
    RCC_GetITStatus                          0x0800226b   Thumb Code    16  stm32f4xx_rcc.o(.text)
    RCC_ClearITPendingBit                    0x0800227b   Thumb Code     6  stm32f4xx_rcc.o(.text)
    CAN_DeInit                               0x0800229d   Thumb Code    56  stm32f4xx_can.o(.text)
    CAN_Init                                 0x080022d5   Thumb Code   274  stm32f4xx_can.o(.text)
    CAN_FilterInit                           0x080023e7   Thumb Code   228  stm32f4xx_can.o(.text)
    CAN_StructInit                           0x080024cb   Thumb Code    32  stm32f4xx_can.o(.text)
    CAN_SlaveStartBank                       0x080024eb   Thumb Code    40  stm32f4xx_can.o(.text)
    CAN_DBGFreeze                            0x08002513   Thumb Code    24  stm32f4xx_can.o(.text)
    CAN_TTComModeCmd                         0x0800252b   Thumb Code    96  stm32f4xx_can.o(.text)
    CAN_Transmit                             0x0800258b   Thumb Code   234  stm32f4xx_can.o(.text)
    CAN_TransmitStatus                       0x08002675   Thumb Code   126  stm32f4xx_can.o(.text)
    CAN_CancelTransmit                       0x080026f3   Thumb Code    42  stm32f4xx_can.o(.text)
    CAN_Receive                              0x0800271d   Thumb Code   226  stm32f4xx_can.o(.text)
    CAN_FIFORelease                          0x080027ff   Thumb Code    24  stm32f4xx_can.o(.text)
    CAN_MessagePending                       0x08002817   Thumb Code    28  stm32f4xx_can.o(.text)
    CAN_OperatingModeRequest                 0x08002833   Thumb Code   158  stm32f4xx_can.o(.text)
    CAN_Sleep                                0x080028d1   Thumb Code    30  stm32f4xx_can.o(.text)
    CAN_WakeUp                               0x080028ef   Thumb Code    44  stm32f4xx_can.o(.text)
    CAN_GetLastErrorCode                     0x0800291b   Thumb Code    10  stm32f4xx_can.o(.text)
    CAN_GetReceiveErrorCounter               0x08002925   Thumb Code     6  stm32f4xx_can.o(.text)
    CAN_GetLSBTransmitErrorCounter           0x0800292b   Thumb Code     8  stm32f4xx_can.o(.text)
    CAN_ITConfig                             0x08002933   Thumb Code    22  stm32f4xx_can.o(.text)
    CAN_GetFlagStatus                        0x08002949   Thumb Code    82  stm32f4xx_can.o(.text)
    CAN_ClearFlag                            0x0800299b   Thumb Code    50  stm32f4xx_can.o(.text)
    CAN_GetITStatus                          0x080029d9   Thumb Code   264  stm32f4xx_can.o(.text)
    CAN_ClearITPendingBit                    0x08002ae1   Thumb Code   164  stm32f4xx_can.o(.text)
    ADC_DeInit                               0x08002b8d   Thumb Code    24  stm32f4xx_adc.o(.text)
    ADC_Init                                 0x08002ba5   Thumb Code    82  stm32f4xx_adc.o(.text)
    ADC_StructInit                           0x08002bf7   Thumb Code    20  stm32f4xx_adc.o(.text)
    ADC_CommonInit                           0x08002c0b   Thumb Code    36  stm32f4xx_adc.o(.text)
    ADC_CommonStructInit                     0x08002c2f   Thumb Code    12  stm32f4xx_adc.o(.text)
    ADC_Cmd                                  0x08002c3b   Thumb Code    24  stm32f4xx_adc.o(.text)
    ADC_AnalogWatchdogCmd                    0x08002c53   Thumb Code    16  stm32f4xx_adc.o(.text)
    ADC_AnalogWatchdogThresholdsConfig       0x08002c63   Thumb Code     6  stm32f4xx_adc.o(.text)
    ADC_AnalogWatchdogSingleChannelConfig    0x08002c69   Thumb Code    12  stm32f4xx_adc.o(.text)
    ADC_TempSensorVrefintCmd                 0x08002c75   Thumb Code    34  stm32f4xx_adc.o(.text)
    ADC_VBATCmd                              0x08002c97   Thumb Code    34  stm32f4xx_adc.o(.text)
    ADC_RegularChannelConfig                 0x08002cb9   Thumb Code   144  stm32f4xx_adc.o(.text)
    ADC_SoftwareStartConv                    0x08002d49   Thumb Code    10  stm32f4xx_adc.o(.text)
    ADC_GetSoftwareStartConvStatus           0x08002d53   Thumb Code    16  stm32f4xx_adc.o(.text)
    ADC_EOCOnEachRegularChannelCmd           0x08002d63   Thumb Code    24  stm32f4xx_adc.o(.text)
    ADC_ContinuousModeCmd                    0x08002d7b   Thumb Code    24  stm32f4xx_adc.o(.text)
    ADC_DiscModeChannelCountConfig           0x08002d93   Thumb Code    16  stm32f4xx_adc.o(.text)
    ADC_DiscModeCmd                          0x08002da3   Thumb Code    24  stm32f4xx_adc.o(.text)
    ADC_GetConversionValue                   0x08002dbb   Thumb Code     6  stm32f4xx_adc.o(.text)
    ADC_GetMultiModeConversionValue          0x08002dc1   Thumb Code     6  stm32f4xx_adc.o(.text)
    ADC_DMACmd                               0x08002dc7   Thumb Code    24  stm32f4xx_adc.o(.text)
    ADC_DMARequestAfterLastTransferCmd       0x08002ddf   Thumb Code    24  stm32f4xx_adc.o(.text)
    ADC_MultiModeDMARequestAfterLastTransferCmd 0x08002df7   Thumb Code    34  stm32f4xx_adc.o(.text)
    ADC_InjectedChannelConfig                0x08002e19   Thumb Code    92  stm32f4xx_adc.o(.text)
    ADC_InjectedSequencerLengthConfig        0x08002e75   Thumb Code    16  stm32f4xx_adc.o(.text)
    ADC_SetInjectedOffset                    0x08002e85   Thumb Code    18  stm32f4xx_adc.o(.text)
    ADC_ExternalTrigInjectedConvConfig       0x08002e97   Thumb Code    12  stm32f4xx_adc.o(.text)
    ADC_ExternalTrigInjectedConvEdgeConfig   0x08002ea3   Thumb Code    12  stm32f4xx_adc.o(.text)
    ADC_SoftwareStartInjectedConv            0x08002eaf   Thumb Code    10  stm32f4xx_adc.o(.text)
    ADC_GetSoftwareStartInjectedConvCmdStatus 0x08002eb9   Thumb Code    16  stm32f4xx_adc.o(.text)
    ADC_AutoInjectedConvCmd                  0x08002ec9   Thumb Code    24  stm32f4xx_adc.o(.text)
    ADC_InjectedDiscModeCmd                  0x08002ee1   Thumb Code    24  stm32f4xx_adc.o(.text)
    ADC_GetInjectedConversionValue           0x08002ef9   Thumb Code    22  stm32f4xx_adc.o(.text)
    ADC_ITConfig                             0x08002f0f   Thumb Code    28  stm32f4xx_adc.o(.text)
    ADC_GetFlagStatus                        0x08002f2b   Thumb Code    14  stm32f4xx_adc.o(.text)
    ADC_ClearFlag                            0x08002f39   Thumb Code     6  stm32f4xx_adc.o(.text)
    ADC_GetITStatus                          0x08002f3f   Thumb Code    36  stm32f4xx_adc.o(.text)
    ADC_ClearITPendingBit                    0x08002f63   Thumb Code     8  stm32f4xx_adc.o(.text)
    FMSTR_CopyFromBuffer                     0x08002f81   Thumb Code    26  pe_freemaster_56f8xxx.o(.text)
    FMSTR_CopyToBuffer                       0x08002f9b   Thumb Code    22  pe_freemaster_56f8xxx.o(.text)
    FMSTR_Isr                                0x08002fb1   Thumb Code     2  pe_freemaster_56f8xxx.o(.text)
    FMSTR_CopyMemory                         0x08002fb3   Thumb Code    22  pe_freemaster_56f8xxx.o(.text)
    FMSTR_CopyFromBufferWithMask             0x08002fc9   Thumb Code    50  pe_freemaster_56f8xxx.o(.text)
    FMSTR_SetExAddr                          0x08002ffb   Thumb Code     6  pe_freemaster_56f8xxx.o(.text)
    FMSTR_AddressFromBuffer                  0x08003001   Thumb Code    42  pe_freemaster_56f8xxx.o(.text)
    FMSTR_AddressToBuffer                    0x0800302b   Thumb Code    34  pe_freemaster_56f8xxx.o(.text)
    FMSTR_Init                               0x08003051   Thumb Code    18  pe_freemaster_protocol.o(.text)
    FMSTR_GetBoardInfo                       0x08003063   Thumb Code   102  pe_freemaster_protocol.o(.text)
    FMSTR_WriteMemMask                       0x080030c9   Thumb Code    34  pe_freemaster_protocol.o(.text)
    FMSTR_WriteMem                           0x080030eb   Thumb Code    34  pe_freemaster_protocol.o(.text)
    FMSTR_ReadMem                            0x0800310d   Thumb Code    52  pe_freemaster_protocol.o(.text)
    FMSTR_ProtocolDecoder                    0x08003141   Thumb Code   220  pe_freemaster_protocol.o(.text)
    FMSTR_ReadVar                            0x0800321d   Thumb Code    30  pe_freemaster_protocol.o(.text)
    FMSTR_WriteVar                           0x0800323b   Thumb Code    32  pe_freemaster_protocol.o(.text)
    FMSTR_WriteVarMask                       0x0800325b   Thumb Code    32  pe_freemaster_protocol.o(.text)
    FMSTR_InitRec                            0x08003299   Thumb Code    14  pe_freemaster_rec.o(.text)
    FMSTR_SetUpRecBuff                       0x080032a7   Thumb Code     8  pe_freemaster_rec.o(.text)
    FMSTR_AbortRec                           0x0800333b   Thumb Code     8  pe_freemaster_rec.o(.text)
    FMSTR_SetUpRec                           0x08003343   Thumb Code   346  pe_freemaster_rec.o(.text)
    FMSTR_GetRecBuffSize                     0x0800349d   Thumb Code     6  pe_freemaster_rec.o(.text)
    FMSTR_IsInRecBuffer                      0x080034a3   Thumb Code    38  pe_freemaster_rec.o(.text)
    FMSTR_TriggerRec                         0x080034c9   Thumb Code    26  pe_freemaster_rec.o(.text)
    FMSTR_StartRec                           0x080034e3   Thumb Code    84  pe_freemaster_rec.o(.text)
    FMSTR_StopRec                            0x08003537   Thumb Code    50  pe_freemaster_rec.o(.text)
    FMSTR_GetRecStatus                       0x08003569   Thumb Code    38  pe_freemaster_rec.o(.text)
    FMSTR_GetRecBuff                         0x0800358f   Thumb Code    64  pe_freemaster_rec.o(.text)
    FMSTR_Recorder                           0x080036bd   Thumb Code    14  pe_freemaster_rec.o(.text)
    FMSTR_InitScope                          0x080036d1   Thumb Code     2  pe_freemaster_scope.o(.text)
    FMSTR_SetUpScope                         0x080036d3   Thumb Code   120  pe_freemaster_scope.o(.text)
    FMSTR_ReadScope                          0x0800374b   Thumb Code    66  pe_freemaster_scope.o(.text)
    FMSTR_InitSerial                         0x080037bd   Thumb Code    24  pe_freemaster_serial.o(.text)
    FMSTR_SendResponse                       0x080037d5   Thumb Code    88  pe_freemaster_serial.o(.text)
    FMSTR_ProcessSCI                         0x0800396f   Thumb Code    60  pe_freemaster_serial.o(.text)
    FMSTR_Poll                               0x080039ab   Thumb Code     2  pe_freemaster_serial.o(.text)
    __use_two_region_memory                  0x080039bd   Thumb Code     2  heapauxi.o(.text)
    __rt_heap_escrow$2region                 0x080039bf   Thumb Code     2  heapauxi.o(.text)
    __rt_heap_expand$2region                 0x080039c1   Thumb Code     2  heapauxi.o(.text)
    __user_setup_stackheap                   0x080039c3   Thumb Code    74  sys_stackheap_outer.o(.text)
    exit                                     0x08003a0d   Thumb Code    18  exit.o(.text)
    __user_libspace                          0x08003a21   Thumb Code     8  libspace.o(.text)
    __user_perproc_libspace                  0x08003a21   Thumb Code     0  libspace.o(.text)
    __user_perthread_libspace                0x08003a21   Thumb Code     0  libspace.o(.text)
    _sys_exit                                0x08003a29   Thumb Code     8  sys_exit.o(.text)
    __I$use$semihosting                      0x08003a35   Thumb Code     0  use_no_semi.o(.text)
    __use_no_semihosting_swi                 0x08003a35   Thumb Code     2  use_no_semi.o(.text)
    __semihosting_library_function           0x08003a37   Thumb Code     0  indicate_semi.o(.text)
    __aeabi_d2f                              0x08003a39   Thumb Code     0  d2f.o(x$fpl$d2f)
    _d2f                                     0x08003a39   Thumb Code    98  d2f.o(x$fpl$d2f)
    __aeabi_ddiv                             0x08003a9d   Thumb Code     0  ddiv.o(x$fpl$ddiv)
    _ddiv                                    0x08003a9d   Thumb Code   552  ddiv.o(x$fpl$ddiv)
    __fpl_dnaninf                            0x08003d4d   Thumb Code   156  dnaninf.o(x$fpl$dnaninf)
    __fpl_dretinf                            0x08003de9   Thumb Code    12  dretinf.o(x$fpl$dretinf)
    __aeabi_f2d                              0x08003df5   Thumb Code     0  f2d.o(x$fpl$f2d)
    _f2d                                     0x08003df5   Thumb Code    86  f2d.o(x$fpl$f2d)
    __fpl_fnaninf                            0x08003e4b   Thumb Code   140  fnaninf.o(x$fpl$fnaninf)
    _fp_init                                 0x08003ed7   Thumb Code    10  fpinit.o(x$fpl$fpinit)
    __fplib_config_fpu_vfp                   0x08003edf   Thumb Code     0  fpinit.o(x$fpl$fpinit)
    __fplib_config_pureend_doubles           0x08003edf   Thumb Code     0  fpinit.o(x$fpl$fpinit)
    __fpl_fretinf                            0x08003ee1   Thumb Code    10  fretinf.o(x$fpl$fretinf)
    __I$use$fp                               0x08003eea   Number         0  usenofp.o(x$fpl$usenofp)
    Region$$Table$$Base                      0x08003eec   Number         0  anon$$obj.o(Region$$Table)
    Region$$Table$$Limit                     0x08003f0c   Number         0  anon$$obj.o(Region$$Table)
    counter                                  0x20000000   Data           1  main.o(.data)
    NVIC_InitStructure                       0x20000001   Data           4  main.o(.data)
    cmd                                      0x20000008   Data           1  can_2.o(.data)
    tx_status                                0x20000009   Data           1  can_2.o(.data)
    broadcast_ID                             0x2000000a   Data           2  can_2.o(.data)
    GPIO_InitStructure_B                     0x2000000c   Data           8  can_2.o(.data)
    GPIO_InitStructure                       0x20000014   Data           8  can_2.o(.data)
    temp1                                    0x2000001c   Data           1  adc.o(.data)
    temp2                                    0x2000001d   Data           1  adc.o(.data)
    val1                                     0x2000001e   Data           2  adc.o(.data)
    val2                                     0x20000020   Data           2  adc.o(.data)
    current_X10mA                            0x20000022   Data           2  adc.o(.data)
    voltage_X10mV                            0x20000024   Data           2  adc.o(.data)
    median                                   0x20000026   Data           2  adc.o(.data)
    tmp_                                     0x20000028   Data           2  adc.o(.data)
    current                                  0x2000002c   Data           4  adc.o(.data)
    val_f1                                   0x20000030   Data           4  adc.o(.data)
    val_f2                                   0x20000034   Data           4  adc.o(.data)
    i                                        0x20000038   Data           4  adc.o(.data)
    l                                        0x2000003c   Data           4  adc.o(.data)
    voltage                                  0x20000040   Data           4  adc.o(.data)
    SystemCoreClock                          0x20000044   Data           4  system_stm32f4xx.o(.data)
    AHBPrescTable                            0x20000048   Data          16  system_stm32f4xx.o(.data)
    pcm_nRecTriggerMode                      0x2000006c   Data           1  pe_freemaster_rec.o(.data)
    pcm_nRecVarCount                         0x2000006d   Data           1  pe_freemaster_rec.o(.data)
    pcm_wRecTotalSmps                        0x20000070   Data           2  pe_freemaster_rec.o(.data)
    pcm_wRecPostTrigger                      0x20000072   Data           2  pe_freemaster_rec.o(.data)
    pcm_wRecTimeDiv                          0x20000074   Data           2  pe_freemaster_rec.o(.data)
    pcm_wRecBuffStartIx                      0x20000076   Data           2  pe_freemaster_rec.o(.data)
    pcm_wRecTimeDivCtr                       0x20000078   Data           2  pe_freemaster_rec.o(.data)
    pcm_wStoprecCountDown                    0x2000007a   Data           2  pe_freemaster_rec.o(.data)
    pcm_dwRecWritePtr                        0x20000080   Data           4  pe_freemaster_rec.o(.data)
    pcm_dwRecEndBuffPtr                      0x20000084   Data           4  pe_freemaster_rec.o(.data)
    pcm_wRecFlags                            0x20000088   Data           4  pe_freemaster_rec.o(.data)
    RCC_Clocks                               0x200000b4   Data          16  main.o(.bss)
    USART_InitStructure                      0x200000c4   Data          16  main.o(.bss)
    TIM_InitStruct_2                         0x200000d4   Data          12  timer_2.o(.bss)
    CAN_InitStructure                        0x200000e0   Data          12  can_2.o(.bss)
    CAN_FilterInitStructure                  0x200000ec   Data          14  can_2.o(.bss)
    DATA_message                             0x200000fc   Data          20  can_2.o(.bss)
    RxMessage_0                              0x20000110   Data          20  can_2.o(.bss)
    RxMessage_1                              0x20000124   Data          20  can_2.o(.bss)
    ADC_InitStructure                        0x20000138   Data          24  adc.o(.bss)
    adc_init                                 0x20000150   Data          16  adc.o(.bss)
    ADC_CommonInitStructure                  0x20000160   Data          16  adc.o(.bss)
    CURRENT                                  0x20000170   Data          64  adc.o(.bss)
    VOLTAGE                                  0x200001b0   Data          64  adc.o(.bss)
    pcm_pRecVarAddr                          0x200001f0   Data          32  pe_freemaster_rec.o(.bss)
    pcm_pRecVarSize                          0x20000210   Data          16  pe_freemaster_rec.o(.bss)
    __libspace_start                         0x20000a94   Data          96  libspace.o(.bss)
    __temporary_stack_top$libspace           0x20000af4   Data           0  libspace.o(.bss)



==============================================================================

Memory Map of the image

  Image Entry point : 0x08000189

  Load Region LR_IROM1 (Base: 0x08000000, Size: 0x00003fc0, Max: 0x00100000, ABSOLUTE)

    Execution Region ER_IROM1 (Base: 0x08000000, Size: 0x00003f0c, Max: 0x00100000, ABSOLUTE)

    Base Addr    Size         Type   Attr      Idx    E Section Name        Object

    0x08000000   0x00000188   Data   RO            3    RESET               startup_stm32f4xx.o
    0x08000188   0x00000008   Code   RO          816  * !!!main             c_w.l(__main.o)
    0x08000190   0x00000034   Code   RO          990    !!!scatter          c_w.l(__scatter.o)
    0x080001c4   0x0000001a   Code   RO          992    !!handler_copy      c_w.l(__scatter_copy.o)
    0x080001de   0x00000002   PAD
    0x080001e0   0x0000001c   Code   RO          994    !!handler_zi        c_w.l(__scatter_zi.o)
    0x080001fc   0x00000002   Code   RO          860    .ARM.Collect$$libinit$$00000000  c_w.l(libinit.o)
    0x080001fe   0x00000004   Code   RO          866    .ARM.Collect$$libinit$$00000001  c_w.l(libinit2.o)
    0x08000202   0x00000000   Code   RO          869    .ARM.Collect$$libinit$$00000004  c_w.l(libinit2.o)
    0x08000202   0x00000000   Code   RO          872    .ARM.Collect$$libinit$$0000000A  c_w.l(libinit2.o)
    0x08000202   0x00000000   Code   RO          874    .ARM.Collect$$libinit$$0000000C  c_w.l(libinit2.o)
    0x08000202   0x00000000   Code   RO          876    .ARM.Collect$$libinit$$0000000E  c_w.l(libinit2.o)
    0x08000202   0x00000000   Code   RO          879    .ARM.Collect$$libinit$$00000011  c_w.l(libinit2.o)
    0x08000202   0x00000000   Code   RO          881    .ARM.Collect$$libinit$$00000013  c_w.l(libinit2.o)
    0x08000202   0x00000000   Code   RO          883    .ARM.Collect$$libinit$$00000015  c_w.l(libinit2.o)
    0x08000202   0x00000000   Code   RO          885    .ARM.Collect$$libinit$$00000017  c_w.l(libinit2.o)
    0x08000202   0x00000000   Code   RO          887    .ARM.Collect$$libinit$$00000019  c_w.l(libinit2.o)
    0x08000202   0x00000000   Code   RO          889    .ARM.Collect$$libinit$$0000001B  c_w.l(libinit2.o)
    0x08000202   0x00000000   Code   RO          891    .ARM.Collect$$libinit$$0000001D  c_w.l(libinit2.o)
    0x08000202   0x00000000   Code   RO          893    .ARM.Collect$$libinit$$0000001F  c_w.l(libinit2.o)
    0x08000202   0x00000000   Code   RO          895    .ARM.Collect$$libinit$$00000021  c_w.l(libinit2.o)
    0x08000202   0x00000000   Code   RO          897    .ARM.Collect$$libinit$$00000023  c_w.l(libinit2.o)
    0x08000202   0x00000000   Code   RO          899    .ARM.Collect$$libinit$$00000025  c_w.l(libinit2.o)
    0x08000202   0x00000000   Code   RO          903    .ARM.Collect$$libinit$$0000002C  c_w.l(libinit2.o)
    0x08000202   0x00000000   Code   RO          905    .ARM.Collect$$libinit$$0000002E  c_w.l(libinit2.o)
    0x08000202   0x00000000   Code   RO          907    .ARM.Collect$$libinit$$00000030  c_w.l(libinit2.o)
    0x08000202   0x00000000   Code   RO          909    .ARM.Collect$$libinit$$00000032  c_w.l(libinit2.o)
    0x08000202   0x00000002   Code   RO          910    .ARM.Collect$$libinit$$00000033  c_w.l(libinit2.o)
    0x08000204   0x00000002   Code   RO          930    .ARM.Collect$$libshutdown$$00000000  c_w.l(libshutdown.o)
    0x08000206   0x00000000   Code   RO          943    .ARM.Collect$$libshutdown$$00000002  c_w.l(libshutdown2.o)
    0x08000206   0x00000000   Code   RO          945    .ARM.Collect$$libshutdown$$00000004  c_w.l(libshutdown2.o)
    0x08000206   0x00000000   Code   RO          948    .ARM.Collect$$libshutdown$$00000007  c_w.l(libshutdown2.o)
    0x08000206   0x00000000   Code   RO          951    .ARM.Collect$$libshutdown$$0000000A  c_w.l(libshutdown2.o)
    0x08000206   0x00000000   Code   RO          953    .ARM.Collect$$libshutdown$$0000000C  c_w.l(libshutdown2.o)
    0x08000206   0x00000000   Code   RO          956    .ARM.Collect$$libshutdown$$0000000F  c_w.l(libshutdown2.o)
    0x08000206   0x00000002   Code   RO          957    .ARM.Collect$$libshutdown$$00000010  c_w.l(libshutdown2.o)
    0x08000208   0x00000000   Code   RO          826    .ARM.Collect$$rtentry$$00000000  c_w.l(__rtentry.o)
    0x08000208   0x00000000   Code   RO          837    .ARM.Collect$$rtentry$$00000002  c_w.l(__rtentry2.o)
    0x08000208   0x00000006   Code   RO          849    .ARM.Collect$$rtentry$$00000004  c_w.l(__rtentry4.o)
    0x0800020e   0x00000000   Code   RO          839    .ARM.Collect$$rtentry$$00000009  c_w.l(__rtentry2.o)
    0x0800020e   0x00000004   Code   RO          840    .ARM.Collect$$rtentry$$0000000A  c_w.l(__rtentry2.o)
    0x08000212   0x00000000   Code   RO          842    .ARM.Collect$$rtentry$$0000000C  c_w.l(__rtentry2.o)
    0x08000212   0x00000008   Code   RO          843    .ARM.Collect$$rtentry$$0000000D  c_w.l(__rtentry2.o)
    0x0800021a   0x00000002   Code   RO          864    .ARM.Collect$$rtexit$$00000000  c_w.l(rtexit.o)
    0x0800021c   0x00000000   Code   RO          912    .ARM.Collect$$rtexit$$00000002  c_w.l(rtexit2.o)
    0x0800021c   0x00000004   Code   RO          913    .ARM.Collect$$rtexit$$00000003  c_w.l(rtexit2.o)
    0x08000220   0x00000006   Code   RO          914    .ARM.Collect$$rtexit$$00000004  c_w.l(rtexit2.o)
    0x08000226   0x00000002   PAD
    0x08000228   0x00000040   Code   RO            4    .text               startup_stm32f4xx.o
    0x08000268   0x00000028   Code   RO           12    .text               main.o
    0x08000290   0x00000070   Code   RO          134    .text               timer_2.o
    0x08000300   0x00000214   Code   RO          175    .text               can_2.o
    0x08000514   0x00000004   PAD
    0x08000518   0x00000288   Code   RO          298    .text               adc.o
    0x080007a0   0x00000158   Code   RO          366    .text               unit_freemaster_uart.o
    0x080008f8   0x000000d0   Code   RO          389    .text               misc.o
    0x080009c8   0x000001a4   Code   RO          413    .text               system_stm32f4xx.o
    0x08000b6c   0x00000282   Code   RO          439    .text               stm32f4xx_gpio.o
    0x08000dee   0x00000002   PAD
    0x08000df0   0x00000428   Code   RO          479    .text               stm32f4xx_usart.o
    0x08001218   0x00000b78   Code   RO          499    .text               stm32f4xx_tim.o
    0x08001d90   0x0000050c   Code   RO          519    .text               stm32f4xx_rcc.o
    0x0800229c   0x000008f0   Code   RO          564    .text               stm32f4xx_can.o
    0x08002b8c   0x000003f4   Code   RO          584    .text               stm32f4xx_adc.o
    0x08002f80   0x000000d0   Code   RO          602    .text               pe_freemaster_56f8xxx.o
    0x08003050   0x00000248   Code   RO          669    .text               pe_freemaster_protocol.o
    0x08003298   0x00000438   Code   RO          703    .text               pe_freemaster_rec.o
    0x080036d0   0x000000c4   Code   RO          744    .text               pe_freemaster_scope.o
    0x08003794   0x00000228   Code   RO          772    .text               pe_freemaster_serial.o
    0x080039bc   0x00000006   Code   RO          814    .text               c_w.l(heapauxi.o)
    0x080039c2   0x0000004a   Code   RO          851    .text               c_w.l(sys_stackheap_outer.o)
    0x08003a0c   0x00000012   Code   RO          853    .text               c_w.l(exit.o)
    0x08003a1e   0x00000002   PAD
    0x08003a20   0x00000008   Code   RO          861    .text               c_w.l(libspace.o)
    0x08003a28   0x0000000c   Code   RO          922    .text               c_w.l(sys_exit.o)
    0x08003a34   0x00000002   Code   RO          933    .text               c_w.l(use_no_semi.o)
    0x08003a36   0x00000000   Code   RO          935    .text               c_w.l(indicate_semi.o)
    0x08003a36   0x00000002   PAD
    0x08003a38   0x00000062   Code   RO          818    x$fpl$d2f           fz_wm.l(d2f.o)
    0x08003a9a   0x00000002   PAD
    0x08003a9c   0x000002b0   Code   RO          821    x$fpl$ddiv          fz_wm.l(ddiv.o)
    0x08003d4c   0x0000009c   Code   RO          827    x$fpl$dnaninf       fz_wm.l(dnaninf.o)
    0x08003de8   0x0000000c   Code   RO          829    x$fpl$dretinf       fz_wm.l(dretinf.o)
    0x08003df4   0x00000056   Code   RO          824    x$fpl$f2d           fz_wm.l(f2d.o)
    0x08003e4a   0x0000008c   Code   RO          831    x$fpl$fnaninf       fz_wm.l(fnaninf.o)
    0x08003ed6   0x0000000a   Code   RO          920    x$fpl$fpinit        fz_wm.l(fpinit.o)
    0x08003ee0   0x0000000a   Code   RO          833    x$fpl$fretinf       fz_wm.l(fretinf.o)
    0x08003eea   0x00000000   Code   RO          835    x$fpl$usenofp       fz_wm.l(usenofp.o)
    0x08003eea   0x00000002   PAD
    0x08003eec   0x00000020   Data   RO          988    Region$$Table       anon$$obj.o


    Execution Region RW_IRAM1 (Base: 0x20000000, Size: 0x000010f8, Max: 0x00020000, ABSOLUTE)

    Base Addr    Size         Type   Attr      Idx    E Section Name        Object

    0x20000000   0x00000001   Data   RW           22    .data               main.o
    0x20000001   0x00000004   Data   RW           24    .data               main.o
    0x20000005   0x00000003   PAD
    0x20000008   0x0000000c   Data   RW          185    .data               can_2.o
    0x20000014   0x00000008   Data   RW          189    .data               can_2.o
    0x2000001c   0x00000028   Data   RW          300    .data               adc.o
    0x20000044   0x00000014   Data   RW          414    .data               system_stm32f4xx.o
    0x20000058   0x00000010   Data   RW          520    .data               stm32f4xx_rcc.o
    0x20000068   0x00000002   Data   RW          603    .data               pe_freemaster_56f8xxx.o
    0x2000006a   0x00000002   PAD
    0x2000006c   0x00000030   Data   RW          705    .data               pe_freemaster_rec.o
    0x2000009c   0x00000001   Data   RW          746    .data               pe_freemaster_scope.o
    0x2000009d   0x00000003   PAD
    0x200000a0   0x00000014   Data   RW          774    .data               pe_freemaster_serial.o
    0x200000b4   0x00000010   Zero   RW           13    .bss                main.o
    0x200000c4   0x00000010   Zero   RW           14    .bss                main.o
    0x200000d4   0x0000000c   Zero   RW          135    .bss                timer_2.o
    0x200000e0   0x00000058   Zero   RW          176    .bss                can_2.o
    0x20000138   0x000000b8   Zero   RW          299    .bss                adc.o
    0x200001f0   0x00000830   Zero   RW          704    .bss                pe_freemaster_rec.o
    0x20000a20   0x00000030   Zero   RW          745    .bss                pe_freemaster_scope.o
    0x20000a50   0x00000043   Zero   RW          773    .bss                pe_freemaster_serial.o
    0x20000a93   0x00000001   PAD
    0x20000a94   0x00000060   Zero   RW          862    .bss                c_w.l(libspace.o)
    0x20000af4   0x00000004   PAD
    0x20000af8   0x00000200   Zero   RW            2    HEAP                startup_stm32f4xx.o
    0x20000cf8   0x00000400   Zero   RW            1    STACK               startup_stm32f4xx.o


==============================================================================

Image component sizes


      Code (inc. data)   RO Data    RW Data    ZI Data      Debug   Object Name

       648         72          0         40        184       2457   adc.o
       532         46          0         20         88     322703   can_2.o
        40          4          0          5         32     288671   main.o
       208         14          0          0          0       2121   misc.o
       208          4          0          2          0      10344   pe_freemaster_56f8xxx.o
       584         40          0          0          0      11942   pe_freemaster_protocol.o
      1080         50          0         48       2096      15917   pe_freemaster_rec.o
       196          8          0          1         48       7941   pe_freemaster_scope.o
       552         16          0         20         67       8740   pe_freemaster_serial.o
        64         26        392          0       1536        836   startup_stm32f4xx.o
      1012         22          0          0          0      11718   stm32f4xx_adc.o
      2288         44          0          0          0       9620   stm32f4xx_can.o
       642          0          0          0          0       4829   stm32f4xx_gpio.o
      1292        162          0         16          0      13956   stm32f4xx_rcc.o
      2936          8          0          0          0      24972   stm32f4xx_tim.o
      1064          6          0          0          0       8808   stm32f4xx_usart.o
       420         56          0         20          0       1967   system_stm32f4xx.o
       112         14          0          0         12      27406   timer_2.o
       344         28          0          0          0       1821   unit_freemaster_uart.o

    ----------------------------------------------------------------------
     14228        624        424        180       4064     776769   Object Totals
         0          0         32          0          0          0   (incl. Generated)
         6          4          0          8          1          0   (incl. Padding)

    ----------------------------------------------------------------------

      Code (inc. data)   RO Data    RW Data    ZI Data      Debug   Library Member Name

         8          0          0          0          0         68   __main.o
         0          0          0          0          0          0   __rtentry.o
        12          0          0          0          0          0   __rtentry2.o
         6          0          0          0          0          0   __rtentry4.o
        52          8          0          0          0          0   __scatter.o
        26          0          0          0          0          0   __scatter_copy.o
        28          0          0          0          0          0   __scatter_zi.o
        18          0          0          0          0         80   exit.o
         6          0          0          0          0        152   heapauxi.o
         0          0          0          0          0          0   indicate_semi.o
         2          0          0          0          0          0   libinit.o
         6          0          0          0          0          0   libinit2.o
         2          0          0          0          0          0   libshutdown.o
         2          0          0          0          0          0   libshutdown2.o
         8          4          0          0         96         68   libspace.o
         2          0          0          0          0          0   rtexit.o
        10          0          0          0          0          0   rtexit2.o
        12          4          0          0          0         68   sys_exit.o
        74          0          0          0          0         80   sys_stackheap_outer.o
         2          0          0          0          0         68   use_no_semi.o
        98          4          0          0          0        140   d2f.o
       688        140          0          0          0        256   ddiv.o
       156          4          0          0          0        140   dnaninf.o
        12          0          0          0          0        116   dretinf.o
        86          4          0          0          0        132   f2d.o
       140          4          0          0          0        132   fnaninf.o
        10          0          0          0          0        116   fpinit.o
        10          0          0          0          0        116   fretinf.o
         0          0          0          0          0          0   usenofp.o

    ----------------------------------------------------------------------
      1488        172          0          0        100       1732   Library Totals
        12          0          0          0          4          0   (incl. Padding)

    ----------------------------------------------------------------------

      Code (inc. data)   RO Data    RW Data    ZI Data      Debug   Library Name

       276         16          0          0         96        584   c_w.l
      1200        156          0          0          0       1148   fz_wm.l

    ----------------------------------------------------------------------
      1488        172          0          0        100       1732   Library Totals

    ----------------------------------------------------------------------

==============================================================================


      Code (inc. data)   RO Data    RW Data    ZI Data      Debug   

     15716        796        424        180       4164     772845   Grand Totals
     15716        796        424        180       4164     772845   ELF Image Totals
     15716        796        424        180          0          0   ROM Totals

==============================================================================

    Total RO  Size (Code + RO Data)                16140 (  15.76kB)
    Total RW  Size (RW Data + ZI Data)              4344 (   4.24kB)
    Total ROM Size (Code + RO Data + RW Data)      16320 (  15.94kB)

==============================================================================

